BL51 BANKED LINKER/LOCATER V6.11                                                        07/27/2017  16:28:30  PAGE 1


BL51 BANKED LINKER/LOCATER V6.11, INVOKED BY:
C:\KEIL\C51\BIN\BL51.EXE C:\sbcHex\fedysbcmhex.obj TO C:\sbcHex\b PRINT (.\b.m51) RAMSIZE (256) CODE (0X0000-0X1FFF)


INPUT MODULES INCLUDED:
  C:\sbcHex\fedysbcmhex.obj (FEDYSBCMHEX)


LINK MAP OF MODULE:  C:\sbcHex\b (FEDYSBCMHEX)


            TYPE    BASE      LENGTH    RELOCATION   SEGMENT NAME
            -----------------------------------------------------

            * * * * * * *   D A T A   M E M O R Y   * * * * * * *
            REG     0000H     0008H     ABSOLUTE     "REG BANK 0"

            * * * * * * *   C O D E   M E M O R Y   * * * * * * *
            CODE    0000H     1564H     ABSOLUTE     



SYMBOL TABLE OF MODULE:  C:\sbcHex\b (FEDYSBCMHEX)

  VALUE           TYPE          NAME
  ----------------------------------

  -------         MODULE        FEDYSBCMHEX
  C:01CBH         SYMBOL        A2
  C:11E9H         SYMBOL        A2H_1
  C:11F1H         SYMBOL        A2H_2
  C:11F9H         SYMBOL        A2H_3
  C:11FBH         SYMBOL        A2H_4
  C:1206H         SYMBOL        A2H_5
  C:1213H         SYMBOL        A2H_6
  C:121BH         SYMBOL        A2H_7
  C:1226H         SYMBOL        A2H_8
  C:01CEH         SYMBOL        A2_1
  C:01E6H         SYMBOL        A2_2
  C:01ECH         SYMBOL        A2_2L1
  C:01F9H         SYMBOL        A2_2L2
  C:01FEH         SYMBOL        A2_2L3
  C:0209H         SYMBOL        A2_3
  C:020FH         SYMBOL        A2_3L1
  C:021CH         SYMBOL        A2_3L2
  C:073DH         SYMBOL        ADC_
  C:0745H         SYMBOL        ADC_L1
  C:0755H         SYMBOL        ADC_L2
  C:075DH         SYMBOL        ADC_L3
  C:0765H         SYMBOL        ADC_L4
  C:076DH         SYMBOL        ADC_L5
  C:0775H         SYMBOL        ADC_L6
  C:077DH         SYMBOL        ADC_L7
  C:0785H         SYMBOL        ADC_L8
  C:078BH         SYMBOL        ADC_L9
  C:0F9EH         SYMBOL        ADDRESS_DISPLAY_CONTROL
  C:0791H         SYMBOL        ADD_
  C:0799H         SYMBOL        ADD_L1
BL51 BANKED LINKER/LOCATER V6.11                                                      07/27/2017  16:28:30  PAGE 2


  C:07A9H         SYMBOL        ADD_L2
  C:07B1H         SYMBOL        ADD_L3
  C:07B9H         SYMBOL        ADD_L4
  C:07C1H         SYMBOL        ADD_L5
  C:07C9H         SYMBOL        ADD_L6
  C:07D1H         SYMBOL        ADD_L7
  C:07D9H         SYMBOL        ADD_L8
  C:07DFH         SYMBOL        ADD_L9
  C:07E5H         SYMBOL        ANA_
  C:07EDH         SYMBOL        ANA_L1
  C:07FDH         SYMBOL        ANA_L2
  C:0805H         SYMBOL        ANA_L3
  C:080DH         SYMBOL        ANA_L4
  C:0815H         SYMBOL        ANA_L5
  C:081DH         SYMBOL        ANA_L6
  C:0825H         SYMBOL        ANA_L7
  C:082DH         SYMBOL        ANA_L8
  C:0833H         SYMBOL        ANA_L9
  C:11E5H         SYMBOL        ASCII_2_HEX
  C:014DH         SYMBOL        ASM
  C:015AH         SYMBOL        ASM1_1
  C:01B2H         SYMBOL        ASM1_10
  C:01B7H         SYMBOL        ASM1_11
  C:01BCH         SYMBOL        ASM1_12
  C:01C1H         SYMBOL        ASM1_13
  C:01C6H         SYMBOL        ASM1_14
  C:015FH         SYMBOL        ASM1_2
  C:0164H         SYMBOL        ASM1_3
  C:0174H         SYMBOL        ASM1_4
  C:0189H         SYMBOL        ASM1_5
  C:018EH         SYMBOL        ASM1_6
  C:0193H         SYMBOL        ASM1_7
  C:0198H         SYMBOL        ASM1_8
  C:019DH         SYMBOL        ASM1_9
  C:10DEH         SYMBOL        BACK
  C:022CH         SYMBOL        C2
  C:022FH         SYMBOL        C2_1
  C:024CH         SYMBOL        C2_2
  C:0257H         SYMBOL        C2_3
  C:025DH         SYMBOL        C2_3L1
  C:0270H         SYMBOL        C2_3L2
  C:027BH         SYMBOL        C2_3L3
  C:0286H         SYMBOL        C2_3L4
  C:028CH         SYMBOL        C2_4
  C:0292H         SYMBOL        C2_4L1
  C:02A5H         SYMBOL        C2_4L2
  C:02B0H         SYMBOL        C2_5
  C:02B6H         SYMBOL        C2_5L1
  C:02C9H         SYMBOL        C2_5L2
  C:02D4H         SYMBOL        C2_5L3
  C:02DFH         SYMBOL        C2_5L4
  C:02EAH         SYMBOL        C2_6
  C:02F5H         SYMBOL        C2_7
  C:14A2H         SYMBOL        CANCEL
  C:0839H         SYMBOL        CMP_
  C:0841H         SYMBOL        CMP_L1
  C:0851H         SYMBOL        CMP_L2
BL51 BANKED LINKER/LOCATER V6.11                                                      07/27/2017  16:28:30  PAGE 3


  C:0859H         SYMBOL        CMP_L3
  C:0861H         SYMBOL        CMP_L4
  C:0869H         SYMBOL        CMP_L5
  C:0871H         SYMBOL        CMP_L6
  C:0879H         SYMBOL        CMP_L7
  C:0881H         SYMBOL        CMP_L8
  C:0887H         SYMBOL        CMP_L9
  C:02F7H         SYMBOL        D2
  C:02FAH         SYMBOL        D2_1
  C:0308H         SYMBOL        D2_1L1
  C:031BH         SYMBOL        D2_1L2
  C:0321H         SYMBOL        D2_2
  C:0327H         SYMBOL        D2_2L1
  C:0335H         SYMBOL        D2_2L2
  C:033BH         SYMBOL        D2_3
  C:088DH         SYMBOL        DAD_
  C:0895H         SYMBOL        DAD_L1
  C:08A5H         SYMBOL        DAD_L2
  C:08ADH         SYMBOL        DAD_L3
  C:08B5H         SYMBOL        DAD_L4
  C:08C0H         SYMBOL        DAD_L5
  C:08C6H         SYMBOL        DCR_
  C:08CEH         SYMBOL        DCR_L1
  C:08DEH         SYMBOL        DCR_L2
  C:08E6H         SYMBOL        DCR_L3
  C:08EEH         SYMBOL        DCR_L4
  C:08F6H         SYMBOL        DCR_L5
  C:08FEH         SYMBOL        DCR_L6
  C:0906H         SYMBOL        DCR_L7
  C:090EH         SYMBOL        DCR_L8
  C:0914H         SYMBOL        DCR_L9
  C:091AH         SYMBOL        DCX_
  C:0922H         SYMBOL        DCX_L1
  C:0932H         SYMBOL        DCX_L2
  C:093AH         SYMBOL        DCX_L3
  C:0942H         SYMBOL        DCX_L4
  C:094DH         SYMBOL        DCX_L5
  C:10F3H         SYMBOL        DELAY_20MS
  C:13E3H         SYMBOL        DELAY_2S
  C:1063H         SYMBOL        DISP_CHAR
  C:13E6H         SYMBOL        DLY_2S_1
  C:13E9H         SYMBOL        DLY_2S_2
  D:0083H         SYMBOL        DPH
  D:0082H         SYMBOL        DPL
  C:1354H         SYMBOL        END_LOADER
  C:1261H         SYMBOL        ER_1
  C:1270H         SYMBOL        ER_2
  C:1278H         SYMBOL        ER_3
  C:1280H         SYMBOL        ER_4
  C:1288H         SYMBOL        ER_5
  C:1290H         SYMBOL        ER_6
  C:1298H         SYMBOL        ER_7
  C:129EH         SYMBOL        ER_8
  C:122DH         SYMBOL        EXAM_REG
  C:12BBH         SYMBOL        EXE
  C:122CH         SYMBOL        EXIT_A2H
  C:14B3H         SYMBOL        EXIT_CANCEL
BL51 BANKED LINKER/LOCATER V6.11                                                      07/27/2017  16:28:30  PAGE 4


  C:149FH         SYMBOL        EXIT_GOTO
  C:1058H         SYMBOL        EXIT_NEXT
  C:0F9AH         SYMBOL        EXIT_SECOND_FUNCTION
  C:12BFH         SYMBOL        E_N_D
  C:11A0H         SYMBOL        FA_1
  C:11C4H         SYMBOL        FA_2
  C:11B6H         SYMBOL        FA_CONTINUE
  C:11E1H         SYMBOL        FA_EXIT
  C:11D5H         SYMBOL        FA_EXIT_1
  C:115AH         SYMBOL        FD_1
  C:116FH         SYMBOL        FD_2
  C:1184H         SYMBOL        FLY_ADDRESS
  C:1186H         SYMBOL        FLY_ADDRESS_SKIP
  C:113CH         SYMBOL        FLY_DATA
  C:113EH         SYMBOL        FLY_DATA_SKIP
  C:111EH         SYMBOL        FLY_OPCODE
  C:113BH         SYMBOL        FLY_OPCODE_EXIT
  C:1120H         SYMBOL        FLY_OPCODE_SKIP
  C:1199H         SYMBOL        FLY_SUB_MEM
  C:10D8H         SYMBOL        GET_READY
  C:140AH         SYMBOL        GO_TO
  C:1428H         SYMBOL        GT_1
  C:146FH         SYMBOL        GT_10
  C:1475H         SYMBOL        GT_11
  C:1477H         SYMBOL        GT_12
  C:1434H         SYMBOL        GT_2
  C:1442H         SYMBOL        GT_3
  C:144EH         SYMBOL        GT_4
  C:1458H         SYMBOL        GT_5
  C:145CH         SYMBOL        GT_6
  C:1462H         SYMBOL        GT_7
  C:1464H         SYMBOL        GT_8
  C:146BH         SYMBOL        GT_9
  C:0FDAH         SYMBOL        H2A_1
  C:0FDEH         SYMBOL        H2A_2
  C:0FEAH         SYMBOL        H2A_3
  C:0FEEH         SYMBOL        H2A_4
  C:10F7H         SYMBOL        HERE1
  C:10F5H         SYMBOL        HERE2
  C:0FD1H         SYMBOL        HEX_2_ASCII
  C:0346H         SYMBOL        I2
  C:034EH         SYMBOL        I2_1
  C:0361H         SYMBOL        I2_2
  C:0367H         SYMBOL        I2_3
  D:00A8H         SYMBOL        IE
  B:0088H.1       SYMBOL        IE0
  C:0953H         SYMBOL        INR_
  C:095BH         SYMBOL        INR_L1
  C:096BH         SYMBOL        INR_L2
  C:0973H         SYMBOL        INR_L3
  C:097BH         SYMBOL        INR_L4
  C:0983H         SYMBOL        INR_L5
  C:098BH         SYMBOL        INR_L6
  C:0993H         SYMBOL        INR_L7
  C:099BH         SYMBOL        INR_L8
  C:09A1H         SYMBOL        INR_L9
  C:14E7H         SYMBOL        INTRO_CPLT
BL51 BANKED LINKER/LOCATER V6.11                                                      07/27/2017  16:28:30  PAGE 5


  C:1531H         SYMBOL        INTRO_CPU_TYPE
  C:14B4H         SYMBOL        INTRO_MSG
  C:1519H         SYMBOL        INTRO_SUBMEM_REQUEST
  C:09A7H         SYMBOL        INX_
  C:09AFH         SYMBOL        INX_L1
  C:09BFH         SYMBOL        INX_L2
  C:09C7H         SYMBOL        INX_L3
  C:09CFH         SYMBOL        INX_L4
  C:09DAH         SYMBOL        INX_L5
  B:0088H.0       SYMBOL        IT0
  C:036DH         SYMBOL        J2
  C:0370H         SYMBOL        J2_1
  C:0383H         SYMBOL        J2_2
  C:0389H         SYMBOL        J2_2L1
  C:039CH         SYMBOL        J2_2L2
  C:03A7H         SYMBOL        J2_3
  C:03ADH         SYMBOL        J2_3L1
  C:03C0H         SYMBOL        J2_3L2
  C:03CBH         SYMBOL        J2_4
  C:03D1H         SYMBOL        J2_4L1
  C:03E4H         SYMBOL        J2_4L2
  C:03EFH         SYMBOL        J2_4L3
  C:03FAH         SYMBOL        J2_5
  C:0405H         SYMBOL        J2_6
  C:10D7H         SYMBOL        KEYFNL
  C:1078H         SYMBOL        KEYPAD_ID
  C:1081H         SYMBOL        K_ID_1
  C:108AH         SYMBOL        K_ID_2
  C:10BEH         SYMBOL        K_ID_3
  C:10C4H         SYMBOL        K_ID_4
  C:0407H         SYMBOL        L2
  C:040AH         SYMBOL        L2_1
  C:041DH         SYMBOL        L2_1L1
  C:0430H         SYMBOL        L2_1L2
  C:0436H         SYMBOL        L2_2
  C:044BH         SYMBOL        L2_3
  C:10E6H         SYMBOL        LCD_CMD
  C:10FCH         SYMBOL        LCD_SET
  C:1111H         SYMBOL        LCD_SHO
  C:09E0H         SYMBOL        LDAX_
  C:09E8H         SYMBOL        LDAX_L1
  C:09F8H         SYMBOL        LDAX_L2
  C:09FEH         SYMBOL        LDAX_L3
  C:106EH         SYMBOL        LOOP
  C:0030H         SYMBOL        LT_ROW_1
  C:0038H         SYMBOL        LT_ROW_2
  C:0040H         SYMBOL        LT_ROW_3
  C:0048H         SYMBOL        LT_ROW_4
  C:0A04H         SYMBOL        LXI_
  C:0A0CH         SYMBOL        LXI_L1
  C:0A1CH         SYMBOL        LXI_L2
  C:0A24H         SYMBOL        LXI_L3
  C:0A2CH         SYMBOL        LXI_L4
  C:0A37H         SYMBOL        LXI_L5
  C:0456H         SYMBOL        M2
  C:0459H         SYMBOL        M2_1
  C:046CH         SYMBOL        M2_2
BL51 BANKED LINKER/LOCATER V6.11                                                      07/27/2017  16:28:30  PAGE 6


  C:0070H         SYMBOL        MAIN
  C:007FH         SYMBOL        MAIN1
  C:008FH         SYMBOL        MAIN1_1
  C:009EH         SYMBOL        MAIN1_2
  C:00ABH         SYMBOL        MAIN1_3
  C:00A3H         SYMBOL        MAIN1_3CORRECTED
  C:00BDH         SYMBOL        MAIN1_4
  C:00C2H         SYMBOL        MAIN1_5
  C:0148H         SYMBOL        MAIN2
  C:0108H         SYMBOL        MH_1
  C:0110H         SYMBOL        MH_2
  C:0118H         SYMBOL        MH_3
  C:011AH         SYMBOL        MH_4
  C:0124H         SYMBOL        MH_5
  C:0128H         SYMBOL        MH_6
  C:0130H         SYMBOL        MH_7
  C:0A3DH         SYMBOL        MOV_
  C:0A45H         SYMBOL        MOV_A
  C:0A5AH         SYMBOL        MOV_AA
  C:0A6AH         SYMBOL        MOV_AB
  C:0A72H         SYMBOL        MOV_AC
  C:0A7AH         SYMBOL        MOV_AD
  C:0A82H         SYMBOL        MOV_AE
  C:0A8AH         SYMBOL        MOV_AH
  C:0A92H         SYMBOL        MOV_AL
  C:0A9AH         SYMBOL        MOV_AM
  C:0AA0H         SYMBOL        MOV_A_EXIT
  C:0D0DH         SYMBOL        MOV_A_EXTRA
  C:0AA6H         SYMBOL        MOV_B
  C:0AB3H         SYMBOL        MOV_BA
  C:0AC3H         SYMBOL        MOV_BB
  C:0ACBH         SYMBOL        MOV_BC
  C:0AD3H         SYMBOL        MOV_BD
  C:0ADBH         SYMBOL        MOV_BE
  C:0AE3H         SYMBOL        MOV_BH
  C:0AEBH         SYMBOL        MOV_BL
  C:0AF3H         SYMBOL        MOV_BM
  C:0AF9H         SYMBOL        MOV_B_EXIT
  C:0AFFH         SYMBOL        MOV_C
  C:0B0CH         SYMBOL        MOV_CA
  C:0B1CH         SYMBOL        MOV_CB
  C:0B24H         SYMBOL        MOV_CC
  C:0B2CH         SYMBOL        MOV_CD
  C:0B34H         SYMBOL        MOV_CE
  C:0B3CH         SYMBOL        MOV_CH
  C:0B44H         SYMBOL        MOV_CL
  C:0B4CH         SYMBOL        MOV_CM
  C:0B52H         SYMBOL        MOV_C_EXIT
  C:0B58H         SYMBOL        MOV_D
  C:0B65H         SYMBOL        MOV_DA
  C:0B75H         SYMBOL        MOV_DB
  C:0B7DH         SYMBOL        MOV_DC
  C:0B85H         SYMBOL        MOV_DD
  C:0B8DH         SYMBOL        MOV_DE
  C:0B95H         SYMBOL        MOV_DH
  C:0B9DH         SYMBOL        MOV_DL
  C:0BA5H         SYMBOL        MOV_DM
BL51 BANKED LINKER/LOCATER V6.11                                                      07/27/2017  16:28:30  PAGE 7


  C:0BABH         SYMBOL        MOV_D_EXIT
  C:0BB1H         SYMBOL        MOV_E
  C:0BBEH         SYMBOL        MOV_EA
  C:0BCEH         SYMBOL        MOV_EB
  C:0BD6H         SYMBOL        MOV_EC
  C:0BDEH         SYMBOL        MOV_ED
  C:0BE6H         SYMBOL        MOV_EE
  C:0BEEH         SYMBOL        MOV_EH
  C:0BF6H         SYMBOL        MOV_EL
  C:0BFEH         SYMBOL        MOV_EM
  C:0C04H         SYMBOL        MOV_E_EXIT
  C:0C0AH         SYMBOL        MOV_H
  C:0C17H         SYMBOL        MOV_HA
  C:0C27H         SYMBOL        MOV_HB
  C:0C2FH         SYMBOL        MOV_HC
  C:0C37H         SYMBOL        MOV_HD
  C:0C3FH         SYMBOL        MOV_HE
  C:0C47H         SYMBOL        MOV_HH
  C:0C4FH         SYMBOL        MOV_HL
  C:0C57H         SYMBOL        MOV_HM
  C:0C5DH         SYMBOL        MOV_H_EXIT
  C:0C63H         SYMBOL        MOV_L
  C:0C70H         SYMBOL        MOV_LA
  C:0C80H         SYMBOL        MOV_LB
  C:0C88H         SYMBOL        MOV_LC
  C:0C90H         SYMBOL        MOV_LD
  C:0C98H         SYMBOL        MOV_LE
  C:0CA0H         SYMBOL        MOV_LH
  C:0CA8H         SYMBOL        MOV_LL
  C:0CB0H         SYMBOL        MOV_LM
  C:0CB6H         SYMBOL        MOV_L_EXIT
  C:0CBCH         SYMBOL        MOV_M
  C:0CC9H         SYMBOL        MOV_MA
  C:0CD9H         SYMBOL        MOV_MB
  C:0CE1H         SYMBOL        MOV_MC
  C:0CE9H         SYMBOL        MOV_MD
  C:0CF1H         SYMBOL        MOV_ME
  C:0CF9H         SYMBOL        MOV_MH
  C:0D01H         SYMBOL        MOV_ML
  C:0D07H         SYMBOL        MOV_M_EXIT
  C:0D0FH         SYMBOL        MVI_
  C:0D17H         SYMBOL        MVI_L1
  C:0D27H         SYMBOL        MVI_L2
  C:0D2FH         SYMBOL        MVI_L3
  C:0D37H         SYMBOL        MVI_L4
  C:0D3FH         SYMBOL        MVI_L5
  C:0D47H         SYMBOL        MVI_L6
  C:0D4FH         SYMBOL        MVI_L7
  C:0D57H         SYMBOL        MVI_L8
  C:0D5DH         SYMBOL        MVI_L9
  C:00FAH         SYMBOL        M_HEX
  C:0FF3H         SYMBOL        NEXT
  C:101EH         SYMBOL        NEXT_4_OPCODE
  C:0FFCH         SYMBOL        NEXT_4_SUB_MEM
  C:1033H         SYMBOL        NEXT_OPERAND
  C:1048H         SYMBOL        NEXT_OPERAND_AD_TYPE
  C:0477H         SYMBOL        O2
BL51 BANKED LINKER/LOCATER V6.11                                                      07/27/2017  16:28:30  PAGE 8


  C:047AH         SYMBOL        O2_1
  C:0488H         SYMBOL        O2_1L1
  C:0496H         SYMBOL        O2_1L2
  C:04A1H         SYMBOL        O2_2
  C:0D63H         SYMBOL        ORA_
  C:0D6BH         SYMBOL        ORA_L1
  C:0D7BH         SYMBOL        ORA_L2
  C:0D83H         SYMBOL        ORA_L3
  C:0D8BH         SYMBOL        ORA_L4
  C:0D93H         SYMBOL        ORA_L5
  C:0D9BH         SYMBOL        ORA_L6
  C:0DA3H         SYMBOL        ORA_L7
  C:0DABH         SYMBOL        ORA_L8
  C:0DB1H         SYMBOL        ORA_L9
  C:147FH         SYMBOL        OUT_OF_RANGE
  D:0080H         SYMBOL        P0
  D:0090H         SYMBOL        P1
  D:00A0H         SYMBOL        P2
  D:00B0H         SYMBOL        P3
  D:0087H         SYMBOL        PCON
  C:0DB7H         SYMBOL        POP_
  C:0DBFH         SYMBOL        POP_L1
  C:0DCFH         SYMBOL        POP_L2
  C:0DD7H         SYMBOL        POP_L3
  C:0DDFH         SYMBOL        POP_L4
  C:0DEFH         SYMBOL        POP_L5
  C:1067H         SYMBOL        PRINT_TEXT
  C:0DF5H         SYMBOL        PUSH_
  C:0DFAH         SYMBOL        PUSH_L1
  C:0E0AH         SYMBOL        PUSH_L2
  C:0E12H         SYMBOL        PUSH_L3
  C:0E1AH         SYMBOL        PUSH_L4
  C:0E2AH         SYMBOL        PUSH_L5
  C:1075H         SYMBOL        RETURN
  C:10ACH         SYMBOL        ROW_0
  C:10B1H         SYMBOL        ROW_1
  C:10B6H         SYMBOL        ROW_2
  C:10BBH         SYMBOL        ROW_3
  C:062CH         SYMBOL        S2
  C:062FH         SYMBOL        S2_1
  C:063DH         SYMBOL        S2_1L1
  C:064BH         SYMBOL        S2_1L2
  C:0656H         SYMBOL        S2_2
  C:066BH         SYMBOL        S2_3
  C:067BH         SYMBOL        S2_4
  C:0690H         SYMBOL        S2_5
  C:0696H         SYMBOL        S2_5L1
  C:06A4H         SYMBOL        S2_5L1L1
  C:06B7H         SYMBOL        S2_5L1L2
  C:06BDH         SYMBOL        S2_5L2
  C:06C8H         SYMBOL        S2_6
  C:06CEH         SYMBOL        S2_6L1
  C:06DCH         SYMBOL        S2_6L2
  C:06E7H         SYMBOL        S2_7
  C:0E30H         SYMBOL        SBB_
  C:0E38H         SYMBOL        SBB_L1
  C:0E48H         SYMBOL        SBB_L2
BL51 BANKED LINKER/LOCATER V6.11                                                      07/27/2017  16:28:30  PAGE 9


  C:0E50H         SYMBOL        SBB_L3
  C:0E58H         SYMBOL        SBB_L4
  C:0E60H         SYMBOL        SBB_L5
  C:0E68H         SYMBOL        SBB_L6
  C:0E70H         SYMBOL        SBB_L7
  C:0E78H         SYMBOL        SBB_L8
  C:0E7EH         SYMBOL        SBB_L9
  C:0F50H         SYMBOL        SECOND_FUNCTION
  C:0F5FH         SYMBOL        SECOND_FUNCTIONCORRECTED
  C:0F6BH         SYMBOL        SF_1
  C:0F73H         SYMBOL        SF_2
  C:0F7FH         SYMBOL        SF_3
  C:0F84H         SYMBOL        SF_4
  C:0F8CH         SYMBOL        SF_5
  C:0F94H         SYMBOL        SF_6
  D:0081H         SYMBOL        SP
  C:0ED8H         SYMBOL        STAX_
  C:0EE0H         SYMBOL        STAX_L1
  C:0EF0H         SYMBOL        STAX_L2
  C:0EF6H         SYMBOL        STAX_L3
  C:0E84H         SYMBOL        SUB_
  C:0E8CH         SYMBOL        SUB_L1
  C:0E9CH         SYMBOL        SUB_L2
  C:0EA4H         SYMBOL        SUB_L3
  C:0EACH         SYMBOL        SUB_L4
  C:0EB4H         SYMBOL        SUB_L5
  C:0EBCH         SYMBOL        SUB_L6
  C:0EC4H         SYMBOL        SUB_L7
  C:0ECCH         SYMBOL        SUB_L8
  C:0ED2H         SYMBOL        SUB_L9
  C:13F6H         SYMBOL        SUB_MEM
  C:1369H         SYMBOL        VH_1
  C:13C7H         SYMBOL        VH_10
  C:13CBH         SYMBOL        VH_11
  C:13D1H         SYMBOL        VH_12
  C:13D3H         SYMBOL        VH_13
  C:13DCH         SYMBOL        VH_14
  C:138AH         SYMBOL        VH_2
  C:139AH         SYMBOL        VH_3
  C:139EH         SYMBOL        VH_4
  C:13A4H         SYMBOL        VH_5
  C:13A6H         SYMBOL        VH_6
  C:13ACH         SYMBOL        VH_7
  C:13B6H         SYMBOL        VH_8
  C:13BEH         SYMBOL        VH_9
  C:1363H         SYMBOL        V_HEX
  C:06E9H         SYMBOL        X2
  C:06ECH         SYMBOL        X2_1
  C:0709H         SYMBOL        X2_2
  C:070FH         SYMBOL        X2_2L1
  C:071DH         SYMBOL        X2_2L2
  C:0728H         SYMBOL        X2_3
  C:0EFCH         SYMBOL        XRA_
  C:0F04H         SYMBOL        XRA_L1
  C:0F14H         SYMBOL        XRA_L2
  C:0F1CH         SYMBOL        XRA_L3
  C:0F24H         SYMBOL        XRA_L4
BL51 BANKED LINKER/LOCATER V6.11                                                      07/27/2017  16:28:30  PAGE 10


  C:0F2CH         SYMBOL        XRA_L5
  C:0F34H         SYMBOL        XRA_L6
  C:0F3CH         SYMBOL        XRA_L7
  C:0F44H         SYMBOL        XRA_L8
  C:0F4AH         SYMBOL        XRA_L9
  C:04B1H         SYMBOL        _P2
  C:04B4H         SYMBOL        _P2_1
  C:04D1H         SYMBOL        _P2_2
  C:04DCH         SYMBOL        _P2_3
  C:04ECH         SYMBOL        _R2
  C:04EFH         SYMBOL        _R2_1
  C:05C4H         SYMBOL        _R2_10
  C:05D4H         SYMBOL        _R2_10L1
  C:05E4H         SYMBOL        _R2_10L2
  C:05ECH         SYMBOL        _R2_10L3
  C:05F4H         SYMBOL        _R2_10L4
  C:05FCH         SYMBOL        _R2_10L5
  C:0604H         SYMBOL        _R2_10L6
  C:060CH         SYMBOL        _R2_10L7
  C:0614H         SYMBOL        _R2_10L8
  C:061AH         SYMBOL        _R2_10L9
  C:061FH         SYMBOL        _R2_11
  C:062AH         SYMBOL        _R2_12
  C:04FDH         SYMBOL        _R2_1L1
  C:0510H         SYMBOL        _R2_1L2
  C:051BH         SYMBOL        _R2_2
  C:0526H         SYMBOL        _R2_3
  C:0536H         SYMBOL        _R2_4
  C:0546H         SYMBOL        _R2_5
  C:0556H         SYMBOL        _R2_6
  C:0561H         SYMBOL        _R2_7
  C:0567H         SYMBOL        _R2_7L1
  C:057AH         SYMBOL        _R2_7L2
  C:0585H         SYMBOL        _R2_8
  C:058BH         SYMBOL        _R2_8L1
  C:059EH         SYMBOL        _R2_8L2
  C:05A9H         SYMBOL        _R2_8L3
  C:05B4H         SYMBOL        _R2_9
  C:00E4H         SYMBOL        ___8051
  C:1036H         SYMBOL        ___8051_SPECIAL_NEXT
  C:0000H         LINE#         592
  C:0003H         LINE#         595
  C:0070H         LINE#         599
  C:0073H         LINE#         600
  C:0076H         LINE#         601
  C:0079H         LINE#         602
  C:007CH         LINE#         603
  C:007FH         LINE#         605
  C:0082H         LINE#         606
  C:0085H         LINE#         607
  C:0087H         LINE#         609
  C:0089H         LINE#         609
  C:008CH         LINE#         610
  C:008FH         LINE#         612
  C:0092H         LINE#         613
  C:0095H         LINE#         614
  C:0097H         LINE#         616
BL51 BANKED LINKER/LOCATER V6.11                                                      07/27/2017  16:28:30  PAGE 11


  C:009AH         LINE#         617
  C:009CH         LINE#         618
  C:009EH         LINE#         619
  C:00A1H         LINE#         620
  C:00A3H         LINE#         623
  C:00A5H         LINE#         623
  C:00A8H         LINE#         624
  C:00ABH         LINE#         626
  C:00AEH         LINE#         627
  C:00B1H         LINE#         628
  C:00B3H         LINE#         630
  C:00B6H         LINE#         631
  C:00B8H         LINE#         632
  C:00BBH         LINE#         633
  C:00BDH         LINE#         634
  C:00C0H         LINE#         635
  C:00C2H         LINE#         637
  C:00C4H         LINE#         638
  C:00C6H         LINE#         639
  C:00C9H         LINE#         641
  C:00CBH         LINE#         641
  C:00CEH         LINE#         642
  C:00D1H         LINE#         644
  C:00D4H         LINE#         645
  C:00D7H         LINE#         647
  C:00DAH         LINE#         649
  C:00DCH         LINE#         651
  C:00DFH         LINE#         653
  C:00E2H         LINE#         654
  C:00E4H         LINE#         658
  C:00E7H         LINE#         658
  C:00F8H         LINE#         660
  C:00FAH         LINE#         692
  C:00FDH         LINE#         693
  C:0100H         LINE#         694
  C:0102H         LINE#         695
  C:0104H         LINE#         697
  C:0107H         LINE#         698
  C:0108H         LINE#         700
  C:010AH         LINE#         701
  C:010CH         LINE#         702
  C:010FH         LINE#         703
  C:0110H         LINE#         705
  C:0112H         LINE#         706
  C:0114H         LINE#         707
  C:0117H         LINE#         708
  C:0118H         LINE#         710
  C:011AH         LINE#         712
  C:011CH         LINE#         713
  C:011FH         LINE#         714
  C:0120H         LINE#         715
  C:0122H         LINE#         716
  C:0124H         LINE#         718
  C:0126H         LINE#         719
  C:0128H         LINE#         721
  C:012AH         LINE#         722
  C:012DH         LINE#         724
BL51 BANKED LINKER/LOCATER V6.11                                                      07/27/2017  16:28:30  PAGE 12


  C:0130H         LINE#         726
  C:0133H         LINE#         727
  C:0136H         LINE#         728
  C:0138H         LINE#         730
  C:013BH         LINE#         732
  C:013EH         LINE#         734
  C:0140H         LINE#         735
  C:0143H         LINE#         736
  C:0146H         LINE#         738
  C:0148H         LINE#         743
  C:014AH         LINE#         744
  C:014DH         LINE#         750
  C:0150H         LINE#         751
  C:0153H         LINE#         752
  C:0155H         LINE#         754
  C:0158H         LINE#         755
  C:015AH         LINE#         756
  C:015DH         LINE#         757
  C:015FH         LINE#         758
  C:0162H         LINE#         759
  C:0164H         LINE#         760
  C:0167H         LINE#         761
  C:016AH         LINE#         762
  C:016CH         LINE#         763
  C:016FH         LINE#         764
  C:0172H         LINE#         765
  C:0174H         LINE#         767
  C:0177H         LINE#         768
  C:017AH         LINE#         769
  C:017CH         LINE#         770
  C:017FH         LINE#         771
  C:0181H         LINE#         772
  C:0184H         LINE#         773
  C:0187H         LINE#         774
  C:0189H         LINE#         776
  C:018CH         LINE#         777
  C:018EH         LINE#         778
  C:0191H         LINE#         779
  C:0193H         LINE#         780
  C:0196H         LINE#         781
  C:0198H         LINE#         782
  C:019BH         LINE#         783
  C:019DH         LINE#         785
  C:01A0H         LINE#         786
  C:01A3H         LINE#         787
  C:01A5H         LINE#         788
  C:01A8H         LINE#         789
  C:01AAH         LINE#         790
  C:01ADH         LINE#         791
  C:01B0H         LINE#         792
  C:01B2H         LINE#         794
  C:01B5H         LINE#         795
  C:01B7H         LINE#         796
  C:01BAH         LINE#         797
  C:01BCH         LINE#         798
  C:01BFH         LINE#         799
  C:01C1H         LINE#         800
BL51 BANKED LINKER/LOCATER V6.11                                                      07/27/2017  16:28:30  PAGE 13


  C:01C4H         LINE#         801
  C:01C6H         LINE#         802
  C:01C9H         LINE#         803
  C:01CBH         LINE#         808
  C:01CEH         LINE#         809
  C:01D1H         LINE#         810
  C:01D4H         LINE#         811
  C:01D6H         LINE#         813
  C:01D9H         LINE#         814
  C:01DCH         LINE#         815
  C:01DEH         LINE#         816
  C:01E1H         LINE#         817
  C:01E4H         LINE#         818
  C:01E6H         LINE#         820
  C:01E9H         LINE#         821
  C:01ECH         LINE#         822
  C:01EFH         LINE#         823
  C:01F2H         LINE#         824
  C:01F4H         LINE#         826
  C:01F7H         LINE#         827
  C:01F9H         LINE#         828
  C:01FCH         LINE#         829
  C:01FEH         LINE#         830
  C:0201H         LINE#         831
  C:0204H         LINE#         832
  C:0207H         LINE#         833
  C:0209H         LINE#         835
  C:020CH         LINE#         836
  C:020FH         LINE#         837
  C:0212H         LINE#         838
  C:0215H         LINE#         839
  C:0217H         LINE#         841
  C:021AH         LINE#         842
  C:021CH         LINE#         843
  C:021FH         LINE#         845
  C:0222H         LINE#         846
  C:0225H         LINE#         847
  C:0227H         LINE#         848
  C:022AH         LINE#         849
  C:022CH         LINE#         852
  C:022FH         LINE#         853
  C:0232H         LINE#         854
  C:0235H         LINE#         855
  C:0237H         LINE#         857
  C:023AH         LINE#         858
  C:023DH         LINE#         858
  C:0244H         LINE#         860
  C:0247H         LINE#         861
  C:024AH         LINE#         862
  C:024CH         LINE#         864
  C:024FH         LINE#         865
  C:0252H         LINE#         866
  C:0255H         LINE#         867
  C:0257H         LINE#         869
  C:025AH         LINE#         870
  C:025DH         LINE#         871
  C:0260H         LINE#         872
BL51 BANKED LINKER/LOCATER V6.11                                                      07/27/2017  16:28:30  PAGE 14


  C:0263H         LINE#         873
  C:0265H         LINE#         875
  C:0268H         LINE#         876
  C:026BH         LINE#         877
  C:026EH         LINE#         878
  C:0270H         LINE#         879
  C:0273H         LINE#         880
  C:0276H         LINE#         881
  C:0279H         LINE#         882
  C:027BH         LINE#         884
  C:027EH         LINE#         885
  C:0281H         LINE#         886
  C:0284H         LINE#         887
  C:0286H         LINE#         889
  C:0289H         LINE#         890
  C:028CH         LINE#         892
  C:028FH         LINE#         893
  C:0292H         LINE#         894
  C:0295H         LINE#         895
  C:0298H         LINE#         896
  C:029AH         LINE#         898
  C:029DH         LINE#         899
  C:02A0H         LINE#         900
  C:02A3H         LINE#         901
  C:02A5H         LINE#         902
  C:02A8H         LINE#         903
  C:02ABH         LINE#         904
  C:02AEH         LINE#         905
  C:02B0H         LINE#         907
  C:02B3H         LINE#         908
  C:02B6H         LINE#         909
  C:02B9H         LINE#         910
  C:02BCH         LINE#         911
  C:02BEH         LINE#         913
  C:02C1H         LINE#         914
  C:02C4H         LINE#         915
  C:02C7H         LINE#         916
  C:02C9H         LINE#         917
  C:02CCH         LINE#         918
  C:02CFH         LINE#         919
  C:02D2H         LINE#         920
  C:02D4H         LINE#         922
  C:02D7H         LINE#         923
  C:02DAH         LINE#         924
  C:02DDH         LINE#         925
  C:02DFH         LINE#         927
  C:02E2H         LINE#         928
  C:02E5H         LINE#         929
  C:02E8H         LINE#         930
  C:02EAH         LINE#         933
  C:02EDH         LINE#         934
  C:02F0H         LINE#         935
  C:02F3H         LINE#         936
  C:02F5H         LINE#         937
  C:02F7H         LINE#         940
  C:02FAH         LINE#         941
  C:02FDH         LINE#         942
BL51 BANKED LINKER/LOCATER V6.11                                                      07/27/2017  16:28:30  PAGE 15


  C:0300H         LINE#         943
  C:0302H         LINE#         945
  C:0305H         LINE#         946
  C:0308H         LINE#         947
  C:030BH         LINE#         948
  C:030EH         LINE#         949
  C:0310H         LINE#         951
  C:0313H         LINE#         952
  C:0316H         LINE#         953
  C:0319H         LINE#         954
  C:031BH         LINE#         955
  C:031EH         LINE#         956
  C:0321H         LINE#         958
  C:0324H         LINE#         959
  C:0327H         LINE#         960
  C:032AH         LINE#         961
  C:032DH         LINE#         962
  C:032FH         LINE#         964
  C:0332H         LINE#         965
  C:0335H         LINE#         966
  C:0338H         LINE#         967
  C:033BH         LINE#         969
  C:033EH         LINE#         970
  C:0341H         LINE#         971
  C:0344H         LINE#         972
  C:0346H         LINE#         975
  C:0349H         LINE#         976
  C:034BH         LINE#         977
  C:034EH         LINE#         978
  C:0351H         LINE#         979
  C:0354H         LINE#         980
  C:0356H         LINE#         982
  C:0359H         LINE#         983
  C:035CH         LINE#         984
  C:035FH         LINE#         985
  C:0361H         LINE#         986
  C:0364H         LINE#         987
  C:0367H         LINE#         988
  C:036AH         LINE#         989
  C:036DH         LINE#         992
  C:0370H         LINE#         993
  C:0373H         LINE#         994
  C:0376H         LINE#         995
  C:0378H         LINE#         997
  C:037BH         LINE#         998
  C:037EH         LINE#         999
  C:0381H         LINE#         1000
  C:0383H         LINE#         1002
  C:0386H         LINE#         1003
  C:0389H         LINE#         1004
  C:038CH         LINE#         1005
  C:038FH         LINE#         1006
  C:0391H         LINE#         1008
  C:0394H         LINE#         1009
  C:0397H         LINE#         1010
  C:039AH         LINE#         1011
  C:039CH         LINE#         1012
BL51 BANKED LINKER/LOCATER V6.11                                                      07/27/2017  16:28:30  PAGE 16


  C:039FH         LINE#         1013
  C:03A2H         LINE#         1014
  C:03A5H         LINE#         1015
  C:03A7H         LINE#         1017
  C:03AAH         LINE#         1018
  C:03ADH         LINE#         1019
  C:03B0H         LINE#         1020
  C:03B3H         LINE#         1021
  C:03B5H         LINE#         1023
  C:03B8H         LINE#         1024
  C:03BBH         LINE#         1025
  C:03BEH         LINE#         1026
  C:03C0H         LINE#         1027
  C:03C3H         LINE#         1028
  C:03C6H         LINE#         1029
  C:03C9H         LINE#         1030
  C:03CBH         LINE#         1032
  C:03CEH         LINE#         1033
  C:03D1H         LINE#         1034
  C:03D4H         LINE#         1035
  C:03D7H         LINE#         1036
  C:03D9H         LINE#         1038
  C:03DCH         LINE#         1039
  C:03DFH         LINE#         1040
  C:03E2H         LINE#         1041
  C:03E4H         LINE#         1042
  C:03E7H         LINE#         1043
  C:03EAH         LINE#         1044
  C:03EDH         LINE#         1045
  C:03EFH         LINE#         1046
  C:03F2H         LINE#         1047
  C:03F5H         LINE#         1048
  C:03F8H         LINE#         1049
  C:03FAH         LINE#         1051
  C:03FDH         LINE#         1052
  C:0400H         LINE#         1053
  C:0403H         LINE#         1054
  C:0405H         LINE#         1055
  C:0407H         LINE#         1058
  C:040AH         LINE#         1059
  C:040DH         LINE#         1060
  C:0410H         LINE#         1061
  C:0412H         LINE#         1063
  C:0415H         LINE#         1064
  C:0418H         LINE#         1065
  C:041AH         LINE#         1066
  C:041DH         LINE#         1067
  C:0420H         LINE#         1068
  C:0423H         LINE#         1069
  C:0425H         LINE#         1071
  C:0428H         LINE#         1072
  C:042BH         LINE#         1073
  C:042EH         LINE#         1074
  C:0430H         LINE#         1075
  C:0433H         LINE#         1076
  C:0436H         LINE#         1078
  C:0439H         LINE#         1079
BL51 BANKED LINKER/LOCATER V6.11                                                      07/27/2017  16:28:30  PAGE 17


  C:043CH         LINE#         1079
  C:0443H         LINE#         1081
  C:0446H         LINE#         1082
  C:0449H         LINE#         1083
  C:044BH         LINE#         1085
  C:044EH         LINE#         1086
  C:0451H         LINE#         1087
  C:0453H         LINE#         1088
  C:0456H         LINE#         1091
  C:0459H         LINE#         1092
  C:045CH         LINE#         1093
  C:045FH         LINE#         1094
  C:0461H         LINE#         1096
  C:0464H         LINE#         1097
  C:0467H         LINE#         1098
  C:0469H         LINE#         1099
  C:046CH         LINE#         1101
  C:046FH         LINE#         1102
  C:0472H         LINE#         1103
  C:0474H         LINE#         1104
  C:0477H         LINE#         1107
  C:047AH         LINE#         1108
  C:047DH         LINE#         1109
  C:0480H         LINE#         1110
  C:0482H         LINE#         1112
  C:0485H         LINE#         1113
  C:0488H         LINE#         1114
  C:048BH         LINE#         1115
  C:048EH         LINE#         1116
  C:0490H         LINE#         1118
  C:0493H         LINE#         1119
  C:0496H         LINE#         1120
  C:0499H         LINE#         1121
  C:049CH         LINE#         1122
  C:049FH         LINE#         1123
  C:04A1H         LINE#         1125
  C:04A4H         LINE#         1126
  C:04A7H         LINE#         1127
  C:04A9H         LINE#         1128
  C:04ACH         LINE#         1129
  C:04AFH         LINE#         1130
  C:04B1H         LINE#         1133
  C:04B4H         LINE#         1134
  C:04B7H         LINE#         1135
  C:04BAH         LINE#         1136
  C:04BCH         LINE#         1138
  C:04BFH         LINE#         1139
  C:04C2H         LINE#         1139
  C:04C9H         LINE#         1141
  C:04CCH         LINE#         1142
  C:04CFH         LINE#         1143
  C:04D1H         LINE#         1144
  C:04D4H         LINE#         1145
  C:04D7H         LINE#         1146
  C:04D9H         LINE#         1147
  C:04DCH         LINE#         1148
  C:04DFH         LINE#         1149
BL51 BANKED LINKER/LOCATER V6.11                                                      07/27/2017  16:28:30  PAGE 18


  C:04E2H         LINE#         1149
  C:04E9H         LINE#         1151
  C:04ECH         LINE#         1154
  C:04EFH         LINE#         1155
  C:04F2H         LINE#         1156
  C:04F5H         LINE#         1157
  C:04F7H         LINE#         1159
  C:04FAH         LINE#         1160
  C:04FDH         LINE#         1161
  C:0500H         LINE#         1162
  C:0503H         LINE#         1163
  C:0505H         LINE#         1165
  C:0508H         LINE#         1166
  C:050BH         LINE#         1167
  C:050EH         LINE#         1168
  C:0510H         LINE#         1169
  C:0513H         LINE#         1170
  C:0516H         LINE#         1171
  C:0519H         LINE#         1172
  C:051BH         LINE#         1174
  C:051EH         LINE#         1175
  C:0521H         LINE#         1176
  C:0524H         LINE#         1177
  C:0526H         LINE#         1179
  C:0529H         LINE#         1180
  C:052CH         LINE#         1181
  C:052EH         LINE#         1182
  C:0531H         LINE#         1183
  C:0534H         LINE#         1184
  C:0536H         LINE#         1186
  C:0539H         LINE#         1187
  C:053CH         LINE#         1188
  C:053EH         LINE#         1189
  C:0541H         LINE#         1190
  C:0544H         LINE#         1191
  C:0546H         LINE#         1193
  C:0549H         LINE#         1194
  C:054CH         LINE#         1195
  C:054EH         LINE#         1196
  C:0551H         LINE#         1197
  C:0554H         LINE#         1198
  C:0556H         LINE#         1200
  C:0559H         LINE#         1201
  C:055CH         LINE#         1202
  C:055FH         LINE#         1203
  C:0561H         LINE#         1205
  C:0564H         LINE#         1206
  C:0567H         LINE#         1207
  C:056AH         LINE#         1208
  C:056DH         LINE#         1209
  C:056FH         LINE#         1211
  C:0572H         LINE#         1212
  C:0575H         LINE#         1213
  C:0578H         LINE#         1214
  C:057AH         LINE#         1215
  C:057DH         LINE#         1216
  C:0580H         LINE#         1217
BL51 BANKED LINKER/LOCATER V6.11                                                      07/27/2017  16:28:30  PAGE 19


  C:0583H         LINE#         1218
  C:0585H         LINE#         1220
  C:0588H         LINE#         1221
  C:058BH         LINE#         1222
  C:058EH         LINE#         1223
  C:0591H         LINE#         1224
  C:0593H         LINE#         1226
  C:0596H         LINE#         1227
  C:0599H         LINE#         1228
  C:059CH         LINE#         1229
  C:059EH         LINE#         1231
  C:05A1H         LINE#         1232
  C:05A4H         LINE#         1233
  C:05A7H         LINE#         1234
  C:05A9H         LINE#         1236
  C:05ACH         LINE#         1237
  C:05AFH         LINE#         1238
  C:05B2H         LINE#         1239
  C:05B4H         LINE#         1241
  C:05B7H         LINE#         1242
  C:05BAH         LINE#         1243
  C:05BCH         LINE#         1244
  C:05BFH         LINE#         1245
  C:05C2H         LINE#         1246
  C:05C4H         LINE#         1248
  C:05C7H         LINE#         1249
  C:05CAH         LINE#         1250
  C:05CCH         LINE#         1251
  C:05CFH         LINE#         1252
  C:05D1H         LINE#         1253
  C:05D4H         LINE#         1255
  C:05D7H         LINE#         1256
  C:05DAH         LINE#         1257
  C:05DCH         LINE#         1259
  C:05DFH         LINE#         1260
  C:05E2H         LINE#         1261
  C:05E4H         LINE#         1262
  C:05E7H         LINE#         1263
  C:05EAH         LINE#         1264
  C:05ECH         LINE#         1265
  C:05EFH         LINE#         1266
  C:05F2H         LINE#         1267
  C:05F4H         LINE#         1268
  C:05F7H         LINE#         1269
  C:05FAH         LINE#         1270
  C:05FCH         LINE#         1271
  C:05FFH         LINE#         1272
  C:0602H         LINE#         1273
  C:0604H         LINE#         1274
  C:0607H         LINE#         1275
  C:060AH         LINE#         1276
  C:060CH         LINE#         1277
  C:060FH         LINE#         1278
  C:0612H         LINE#         1279
  C:0614H         LINE#         1280
  C:0617H         LINE#         1281
  C:061AH         LINE#         1282
BL51 BANKED LINKER/LOCATER V6.11                                                      07/27/2017  16:28:30  PAGE 20


  C:061DH         LINE#         1283
  C:061FH         LINE#         1285
  C:0622H         LINE#         1286
  C:0625H         LINE#         1287
  C:0628H         LINE#         1288
  C:062AH         LINE#         1289
  C:062CH         LINE#         1292
  C:062FH         LINE#         1293
  C:0632H         LINE#         1294
  C:0635H         LINE#         1295
  C:0637H         LINE#         1297
  C:063AH         LINE#         1298
  C:063DH         LINE#         1299
  C:0640H         LINE#         1300
  C:0643H         LINE#         1301
  C:0645H         LINE#         1302
  C:0648H         LINE#         1303
  C:064BH         LINE#         1304
  C:064EH         LINE#         1305
  C:0651H         LINE#         1306
  C:0654H         LINE#         1307
  C:0656H         LINE#         1309
  C:0659H         LINE#         1310
  C:065CH         LINE#         1310
  C:0663H         LINE#         1312
  C:0666H         LINE#         1313
  C:0669H         LINE#         1314
  C:066BH         LINE#         1315
  C:066EH         LINE#         1316
  C:0671H         LINE#         1317
  C:0673H         LINE#         1318
  C:0676H         LINE#         1319
  C:0679H         LINE#         1320
  C:067BH         LINE#         1322
  C:067EH         LINE#         1323
  C:0681H         LINE#         1323
  C:0688H         LINE#         1325
  C:068BH         LINE#         1326
  C:068EH         LINE#         1327
  C:0690H         LINE#         1329
  C:0693H         LINE#         1330
  C:0696H         LINE#         1332
  C:0699H         LINE#         1333
  C:069CH         LINE#         1334
  C:069EH         LINE#         1335
  C:06A1H         LINE#         1336
  C:06A4H         LINE#         1337
  C:06A7H         LINE#         1338
  C:06AAH         LINE#         1339
  C:06ACH         LINE#         1341
  C:06AFH         LINE#         1342
  C:06B2H         LINE#         1343
  C:06B5H         LINE#         1344
  C:06B7H         LINE#         1345
  C:06BAH         LINE#         1346
  C:06BDH         LINE#         1348
  C:06C0H         LINE#         1349
BL51 BANKED LINKER/LOCATER V6.11                                                      07/27/2017  16:28:30  PAGE 21


  C:06C3H         LINE#         1350
  C:06C6H         LINE#         1351
  C:06C8H         LINE#         1353
  C:06CBH         LINE#         1354
  C:06CEH         LINE#         1355
  C:06D1H         LINE#         1356
  C:06D4H         LINE#         1357
  C:06D6H         LINE#         1359
  C:06D9H         LINE#         1360
  C:06DCH         LINE#         1361
  C:06DFH         LINE#         1362
  C:06E2H         LINE#         1363
  C:06E5H         LINE#         1364
  C:06E7H         LINE#         1365
  C:06E9H         LINE#         1368
  C:06ECH         LINE#         1369
  C:06EFH         LINE#         1370
  C:06F2H         LINE#         1371
  C:06F4H         LINE#         1373
  C:06F7H         LINE#         1374
  C:06FAH         LINE#         1374
  C:0701H         LINE#         1376
  C:0704H         LINE#         1377
  C:0707H         LINE#         1378
  C:0709H         LINE#         1380
  C:070CH         LINE#         1381
  C:070FH         LINE#         1382
  C:0712H         LINE#         1383
  C:0715H         LINE#         1384
  C:0717H         LINE#         1386
  C:071AH         LINE#         1387
  C:071DH         LINE#         1388
  C:0720H         LINE#         1389
  C:0723H         LINE#         1390
  C:0726H         LINE#         1391
  C:0728H         LINE#         1393
  C:072BH         LINE#         1394
  C:072EH         LINE#         1394
  C:0735H         LINE#         1396
  C:0738H         LINE#         1397
  C:073BH         LINE#         1398
  C:073DH         LINE#         1404
  C:0740H         LINE#         1405
  C:0742H         LINE#         1406
  C:0745H         LINE#         1407
  C:0748H         LINE#         1408
  C:074BH         LINE#         1409
  C:074DH         LINE#         1411
  C:0750H         LINE#         1412
  C:0753H         LINE#         1413
  C:0755H         LINE#         1414
  C:0758H         LINE#         1415
  C:075BH         LINE#         1416
  C:075DH         LINE#         1417
  C:0760H         LINE#         1418
  C:0763H         LINE#         1419
  C:0765H         LINE#         1420
BL51 BANKED LINKER/LOCATER V6.11                                                      07/27/2017  16:28:30  PAGE 22


  C:0768H         LINE#         1421
  C:076BH         LINE#         1422
  C:076DH         LINE#         1423
  C:0770H         LINE#         1424
  C:0773H         LINE#         1425
  C:0775H         LINE#         1426
  C:0778H         LINE#         1427
  C:077BH         LINE#         1428
  C:077DH         LINE#         1429
  C:0780H         LINE#         1430
  C:0783H         LINE#         1431
  C:0785H         LINE#         1432
  C:0788H         LINE#         1433
  C:078BH         LINE#         1435
  C:078EH         LINE#         1436
  C:0791H         LINE#         1439
  C:0794H         LINE#         1440
  C:0796H         LINE#         1441
  C:0799H         LINE#         1442
  C:079CH         LINE#         1443
  C:079FH         LINE#         1444
  C:07A1H         LINE#         1446
  C:07A4H         LINE#         1447
  C:07A7H         LINE#         1448
  C:07A9H         LINE#         1449
  C:07ACH         LINE#         1450
  C:07AFH         LINE#         1451
  C:07B1H         LINE#         1452
  C:07B4H         LINE#         1453
  C:07B7H         LINE#         1454
  C:07B9H         LINE#         1455
  C:07BCH         LINE#         1456
  C:07BFH         LINE#         1457
  C:07C1H         LINE#         1458
  C:07C4H         LINE#         1459
  C:07C7H         LINE#         1460
  C:07C9H         LINE#         1461
  C:07CCH         LINE#         1462
  C:07CFH         LINE#         1463
  C:07D1H         LINE#         1464
  C:07D4H         LINE#         1465
  C:07D7H         LINE#         1466
  C:07D9H         LINE#         1467
  C:07DCH         LINE#         1468
  C:07DFH         LINE#         1470
  C:07E2H         LINE#         1471
  C:07E5H         LINE#         1474
  C:07E8H         LINE#         1475
  C:07EAH         LINE#         1476
  C:07EDH         LINE#         1477
  C:07F0H         LINE#         1478
  C:07F3H         LINE#         1479
  C:07F5H         LINE#         1481
  C:07F8H         LINE#         1482
  C:07FBH         LINE#         1483
  C:07FDH         LINE#         1484
  C:0800H         LINE#         1485
BL51 BANKED LINKER/LOCATER V6.11                                                      07/27/2017  16:28:30  PAGE 23


  C:0803H         LINE#         1486
  C:0805H         LINE#         1487
  C:0808H         LINE#         1488
  C:080BH         LINE#         1489
  C:080DH         LINE#         1490
  C:0810H         LINE#         1491
  C:0813H         LINE#         1492
  C:0815H         LINE#         1493
  C:0818H         LINE#         1494
  C:081BH         LINE#         1495
  C:081DH         LINE#         1496
  C:0820H         LINE#         1497
  C:0823H         LINE#         1498
  C:0825H         LINE#         1499
  C:0828H         LINE#         1500
  C:082BH         LINE#         1501
  C:082DH         LINE#         1502
  C:0830H         LINE#         1503
  C:0833H         LINE#         1505
  C:0836H         LINE#         1506
  C:0839H         LINE#         1509
  C:083CH         LINE#         1510
  C:083EH         LINE#         1511
  C:0841H         LINE#         1512
  C:0844H         LINE#         1513
  C:0847H         LINE#         1514
  C:0849H         LINE#         1516
  C:084CH         LINE#         1517
  C:084FH         LINE#         1518
  C:0851H         LINE#         1519
  C:0854H         LINE#         1520
  C:0857H         LINE#         1521
  C:0859H         LINE#         1522
  C:085CH         LINE#         1523
  C:085FH         LINE#         1524
  C:0861H         LINE#         1525
  C:0864H         LINE#         1526
  C:0867H         LINE#         1527
  C:0869H         LINE#         1528
  C:086CH         LINE#         1529
  C:086FH         LINE#         1530
  C:0871H         LINE#         1531
  C:0874H         LINE#         1532
  C:0877H         LINE#         1533
  C:0879H         LINE#         1534
  C:087CH         LINE#         1535
  C:087FH         LINE#         1536
  C:0881H         LINE#         1537
  C:0884H         LINE#         1538
  C:0887H         LINE#         1540
  C:088AH         LINE#         1541
  C:088DH         LINE#         1545
  C:0890H         LINE#         1546
  C:0892H         LINE#         1547
  C:0895H         LINE#         1548
  C:0898H         LINE#         1549
  C:089BH         LINE#         1550
BL51 BANKED LINKER/LOCATER V6.11                                                      07/27/2017  16:28:30  PAGE 24


  C:089DH         LINE#         1552
  C:08A0H         LINE#         1553
  C:08A3H         LINE#         1554
  C:08A5H         LINE#         1555
  C:08A8H         LINE#         1556
  C:08ABH         LINE#         1557
  C:08ADH         LINE#         1558
  C:08B0H         LINE#         1559
  C:08B3H         LINE#         1560
  C:08B5H         LINE#         1561
  C:08B8H         LINE#         1562
  C:08BBH         LINE#         1563
  C:08BDH         LINE#         1564
  C:08C0H         LINE#         1566
  C:08C3H         LINE#         1567
  C:08C6H         LINE#         1570
  C:08C9H         LINE#         1571
  C:08CBH         LINE#         1572
  C:08CEH         LINE#         1573
  C:08D1H         LINE#         1574
  C:08D4H         LINE#         1575
  C:08D6H         LINE#         1577
  C:08D9H         LINE#         1578
  C:08DCH         LINE#         1579
  C:08DEH         LINE#         1580
  C:08E1H         LINE#         1581
  C:08E4H         LINE#         1582
  C:08E6H         LINE#         1583
  C:08E9H         LINE#         1584
  C:08ECH         LINE#         1585
  C:08EEH         LINE#         1586
  C:08F1H         LINE#         1587
  C:08F4H         LINE#         1588
  C:08F6H         LINE#         1589
  C:08F9H         LINE#         1590
  C:08FCH         LINE#         1591
  C:08FEH         LINE#         1592
  C:0901H         LINE#         1593
  C:0904H         LINE#         1594
  C:0906H         LINE#         1595
  C:0909H         LINE#         1596
  C:090CH         LINE#         1597
  C:090EH         LINE#         1598
  C:0911H         LINE#         1599
  C:0914H         LINE#         1601
  C:0917H         LINE#         1602
  C:091AH         LINE#         1605
  C:091DH         LINE#         1606
  C:091FH         LINE#         1607
  C:0922H         LINE#         1608
  C:0925H         LINE#         1609
  C:0928H         LINE#         1610
  C:092AH         LINE#         1612
  C:092DH         LINE#         1613
  C:0930H         LINE#         1614
  C:0932H         LINE#         1615
  C:0935H         LINE#         1616
BL51 BANKED LINKER/LOCATER V6.11                                                      07/27/2017  16:28:30  PAGE 25


  C:0938H         LINE#         1617
  C:093AH         LINE#         1618
  C:093DH         LINE#         1619
  C:0940H         LINE#         1620
  C:0942H         LINE#         1621
  C:0945H         LINE#         1622
  C:0948H         LINE#         1623
  C:094AH         LINE#         1624
  C:094DH         LINE#         1626
  C:0950H         LINE#         1627
  C:0953H         LINE#         1631
  C:0956H         LINE#         1632
  C:0958H         LINE#         1633
  C:095BH         LINE#         1634
  C:095EH         LINE#         1635
  C:0961H         LINE#         1636
  C:0963H         LINE#         1638
  C:0966H         LINE#         1639
  C:0969H         LINE#         1640
  C:096BH         LINE#         1641
  C:096EH         LINE#         1642
  C:0971H         LINE#         1643
  C:0973H         LINE#         1644
  C:0976H         LINE#         1645
  C:0979H         LINE#         1646
  C:097BH         LINE#         1647
  C:097EH         LINE#         1648
  C:0981H         LINE#         1649
  C:0983H         LINE#         1650
  C:0986H         LINE#         1651
  C:0989H         LINE#         1652
  C:098BH         LINE#         1653
  C:098EH         LINE#         1654
  C:0991H         LINE#         1655
  C:0993H         LINE#         1656
  C:0996H         LINE#         1657
  C:0999H         LINE#         1658
  C:099BH         LINE#         1659
  C:099EH         LINE#         1660
  C:09A1H         LINE#         1662
  C:09A4H         LINE#         1663
  C:09A7H         LINE#         1666
  C:09AAH         LINE#         1667
  C:09ACH         LINE#         1668
  C:09AFH         LINE#         1669
  C:09B2H         LINE#         1670
  C:09B5H         LINE#         1671
  C:09B7H         LINE#         1673
  C:09BAH         LINE#         1674
  C:09BDH         LINE#         1675
  C:09BFH         LINE#         1676
  C:09C2H         LINE#         1677
  C:09C5H         LINE#         1678
  C:09C7H         LINE#         1679
  C:09CAH         LINE#         1680
  C:09CDH         LINE#         1681
  C:09CFH         LINE#         1682
BL51 BANKED LINKER/LOCATER V6.11                                                      07/27/2017  16:28:30  PAGE 26


  C:09D2H         LINE#         1683
  C:09D5H         LINE#         1684
  C:09D7H         LINE#         1685
  C:09DAH         LINE#         1687
  C:09DDH         LINE#         1688
  C:09E0H         LINE#         1692
  C:09E3H         LINE#         1693
  C:09E5H         LINE#         1694
  C:09E8H         LINE#         1695
  C:09EBH         LINE#         1696
  C:09EEH         LINE#         1697
  C:09F0H         LINE#         1699
  C:09F3H         LINE#         1700
  C:09F6H         LINE#         1701
  C:09F8H         LINE#         1702
  C:09FBH         LINE#         1703
  C:09FEH         LINE#         1705
  C:0A01H         LINE#         1706
  C:0A04H         LINE#         1709
  C:0A07H         LINE#         1710
  C:0A09H         LINE#         1711
  C:0A0CH         LINE#         1712
  C:0A0FH         LINE#         1713
  C:0A12H         LINE#         1714
  C:0A14H         LINE#         1716
  C:0A17H         LINE#         1717
  C:0A1AH         LINE#         1718
  C:0A1CH         LINE#         1719
  C:0A1FH         LINE#         1720
  C:0A22H         LINE#         1721
  C:0A24H         LINE#         1722
  C:0A27H         LINE#         1723
  C:0A2AH         LINE#         1724
  C:0A2CH         LINE#         1725
  C:0A2FH         LINE#         1726
  C:0A32H         LINE#         1727
  C:0A34H         LINE#         1728
  C:0A37H         LINE#         1730
  C:0A3AH         LINE#         1731
  C:0A3DH         LINE#         1735
  C:0A40H         LINE#         1736
  C:0A42H         LINE#         1737
  C:0A45H         LINE#         1740
  C:0A48H         LINE#         1741
  C:0A4BH         LINE#         1742
  C:0A4DH         LINE#         1744
  C:0A50H         LINE#         1745
  C:0A53H         LINE#         1745
  C:0A5AH         LINE#         1748
  C:0A5DH         LINE#         1749
  C:0A60H         LINE#         1750
  C:0A62H         LINE#         1752
  C:0A65H         LINE#         1753
  C:0A68H         LINE#         1754
  C:0A6AH         LINE#         1755
  C:0A6DH         LINE#         1756
  C:0A70H         LINE#         1757
BL51 BANKED LINKER/LOCATER V6.11                                                      07/27/2017  16:28:30  PAGE 27


  C:0A72H         LINE#         1758
  C:0A75H         LINE#         1759
  C:0A78H         LINE#         1760
  C:0A7AH         LINE#         1761
  C:0A7DH         LINE#         1762
  C:0A80H         LINE#         1763
  C:0A82H         LINE#         1764
  C:0A85H         LINE#         1765
  C:0A88H         LINE#         1766
  C:0A8AH         LINE#         1767
  C:0A8DH         LINE#         1768
  C:0A90H         LINE#         1769
  C:0A92H         LINE#         1770
  C:0A95H         LINE#         1771
  C:0A98H         LINE#         1772
  C:0A9AH         LINE#         1773
  C:0A9DH         LINE#         1774
  C:0AA0H         LINE#         1776
  C:0AA3H         LINE#         1777
  C:0AA6H         LINE#         1780
  C:0AA9H         LINE#         1781
  C:0AACH         LINE#         1781
  C:0AB3H         LINE#         1784
  C:0AB6H         LINE#         1785
  C:0AB9H         LINE#         1786
  C:0ABBH         LINE#         1788
  C:0ABEH         LINE#         1789
  C:0AC1H         LINE#         1790
  C:0AC3H         LINE#         1791
  C:0AC6H         LINE#         1792
  C:0AC9H         LINE#         1793
  C:0ACBH         LINE#         1794
  C:0ACEH         LINE#         1795
  C:0AD1H         LINE#         1796
  C:0AD3H         LINE#         1797
  C:0AD6H         LINE#         1798
  C:0AD9H         LINE#         1799
  C:0ADBH         LINE#         1800
  C:0ADEH         LINE#         1801
  C:0AE1H         LINE#         1802
  C:0AE3H         LINE#         1803
  C:0AE6H         LINE#         1804
  C:0AE9H         LINE#         1805
  C:0AEBH         LINE#         1806
  C:0AEEH         LINE#         1807
  C:0AF1H         LINE#         1808
  C:0AF3H         LINE#         1809
  C:0AF6H         LINE#         1810
  C:0AF9H         LINE#         1812
  C:0AFCH         LINE#         1813
  C:0AFFH         LINE#         1816
  C:0B02H         LINE#         1817
  C:0B05H         LINE#         1817
  C:0B0CH         LINE#         1820
  C:0B0FH         LINE#         1821
  C:0B12H         LINE#         1822
  C:0B14H         LINE#         1824
BL51 BANKED LINKER/LOCATER V6.11                                                      07/27/2017  16:28:30  PAGE 28


  C:0B17H         LINE#         1825
  C:0B1AH         LINE#         1826
  C:0B1CH         LINE#         1827
  C:0B1FH         LINE#         1828
  C:0B22H         LINE#         1829
  C:0B24H         LINE#         1830
  C:0B27H         LINE#         1831
  C:0B2AH         LINE#         1832
  C:0B2CH         LINE#         1833
  C:0B2FH         LINE#         1834
  C:0B32H         LINE#         1835
  C:0B34H         LINE#         1836
  C:0B37H         LINE#         1837
  C:0B3AH         LINE#         1838
  C:0B3CH         LINE#         1839
  C:0B3FH         LINE#         1840
  C:0B42H         LINE#         1841
  C:0B44H         LINE#         1842
  C:0B47H         LINE#         1843
  C:0B4AH         LINE#         1844
  C:0B4CH         LINE#         1845
  C:0B4FH         LINE#         1846
  C:0B52H         LINE#         1848
  C:0B55H         LINE#         1849
  C:0B58H         LINE#         1852
  C:0B5BH         LINE#         1853
  C:0B5EH         LINE#         1853
  C:0B65H         LINE#         1856
  C:0B68H         LINE#         1857
  C:0B6BH         LINE#         1858
  C:0B6DH         LINE#         1860
  C:0B70H         LINE#         1861
  C:0B73H         LINE#         1862
  C:0B75H         LINE#         1863
  C:0B78H         LINE#         1864
  C:0B7BH         LINE#         1865
  C:0B7DH         LINE#         1866
  C:0B80H         LINE#         1867
  C:0B83H         LINE#         1868
  C:0B85H         LINE#         1869
  C:0B88H         LINE#         1870
  C:0B8BH         LINE#         1871
  C:0B8DH         LINE#         1872
  C:0B90H         LINE#         1873
  C:0B93H         LINE#         1874
  C:0B95H         LINE#         1875
  C:0B98H         LINE#         1876
  C:0B9BH         LINE#         1877
  C:0B9DH         LINE#         1878
  C:0BA0H         LINE#         1879
  C:0BA3H         LINE#         1880
  C:0BA5H         LINE#         1881
  C:0BA8H         LINE#         1882
  C:0BABH         LINE#         1884
  C:0BAEH         LINE#         1885
  C:0BB1H         LINE#         1888
  C:0BB4H         LINE#         1889
BL51 BANKED LINKER/LOCATER V6.11                                                      07/27/2017  16:28:30  PAGE 29


  C:0BB7H         LINE#         1889
  C:0BBEH         LINE#         1892
  C:0BC1H         LINE#         1893
  C:0BC4H         LINE#         1894
  C:0BC6H         LINE#         1896
  C:0BC9H         LINE#         1897
  C:0BCCH         LINE#         1898
  C:0BCEH         LINE#         1899
  C:0BD1H         LINE#         1900
  C:0BD4H         LINE#         1901
  C:0BD6H         LINE#         1902
  C:0BD9H         LINE#         1903
  C:0BDCH         LINE#         1904
  C:0BDEH         LINE#         1905
  C:0BE1H         LINE#         1906
  C:0BE4H         LINE#         1907
  C:0BE6H         LINE#         1908
  C:0BE9H         LINE#         1909
  C:0BECH         LINE#         1910
  C:0BEEH         LINE#         1911
  C:0BF1H         LINE#         1912
  C:0BF4H         LINE#         1913
  C:0BF6H         LINE#         1914
  C:0BF9H         LINE#         1915
  C:0BFCH         LINE#         1916
  C:0BFEH         LINE#         1917
  C:0C01H         LINE#         1918
  C:0C04H         LINE#         1920
  C:0C07H         LINE#         1921
  C:0C0AH         LINE#         1924
  C:0C0DH         LINE#         1925
  C:0C10H         LINE#         1925
  C:0C17H         LINE#         1928
  C:0C1AH         LINE#         1929
  C:0C1DH         LINE#         1930
  C:0C1FH         LINE#         1932
  C:0C22H         LINE#         1933
  C:0C25H         LINE#         1934
  C:0C27H         LINE#         1935
  C:0C2AH         LINE#         1936
  C:0C2DH         LINE#         1937
  C:0C2FH         LINE#         1938
  C:0C32H         LINE#         1939
  C:0C35H         LINE#         1940
  C:0C37H         LINE#         1941
  C:0C3AH         LINE#         1942
  C:0C3DH         LINE#         1943
  C:0C3FH         LINE#         1944
  C:0C42H         LINE#         1945
  C:0C45H         LINE#         1946
  C:0C47H         LINE#         1947
  C:0C4AH         LINE#         1948
  C:0C4DH         LINE#         1949
  C:0C4FH         LINE#         1950
  C:0C52H         LINE#         1951
  C:0C55H         LINE#         1952
  C:0C57H         LINE#         1953
BL51 BANKED LINKER/LOCATER V6.11                                                      07/27/2017  16:28:30  PAGE 30


  C:0C5AH         LINE#         1954
  C:0C5DH         LINE#         1956
  C:0C60H         LINE#         1957
  C:0C63H         LINE#         1960
  C:0C66H         LINE#         1961
  C:0C69H         LINE#         1961
  C:0C70H         LINE#         1964
  C:0C73H         LINE#         1965
  C:0C76H         LINE#         1966
  C:0C78H         LINE#         1968
  C:0C7BH         LINE#         1969
  C:0C7EH         LINE#         1970
  C:0C80H         LINE#         1971
  C:0C83H         LINE#         1972
  C:0C86H         LINE#         1973
  C:0C88H         LINE#         1974
  C:0C8BH         LINE#         1975
  C:0C8EH         LINE#         1976
  C:0C90H         LINE#         1977
  C:0C93H         LINE#         1978
  C:0C96H         LINE#         1979
  C:0C98H         LINE#         1980
  C:0C9BH         LINE#         1981
  C:0C9EH         LINE#         1982
  C:0CA0H         LINE#         1983
  C:0CA3H         LINE#         1984
  C:0CA6H         LINE#         1985
  C:0CA8H         LINE#         1986
  C:0CABH         LINE#         1987
  C:0CAEH         LINE#         1988
  C:0CB0H         LINE#         1989
  C:0CB3H         LINE#         1990
  C:0CB6H         LINE#         1992
  C:0CB9H         LINE#         1993
  C:0CBCH         LINE#         1996
  C:0CBFH         LINE#         1997
  C:0CC2H         LINE#         1997
  C:0CC9H         LINE#         2000
  C:0CCCH         LINE#         2001
  C:0CCFH         LINE#         2002
  C:0CD1H         LINE#         2004
  C:0CD4H         LINE#         2005
  C:0CD7H         LINE#         2006
  C:0CD9H         LINE#         2007
  C:0CDCH         LINE#         2008
  C:0CDFH         LINE#         2009
  C:0CE1H         LINE#         2010
  C:0CE4H         LINE#         2011
  C:0CE7H         LINE#         2012
  C:0CE9H         LINE#         2013
  C:0CECH         LINE#         2014
  C:0CEFH         LINE#         2015
  C:0CF1H         LINE#         2016
  C:0CF4H         LINE#         2017
  C:0CF7H         LINE#         2018
  C:0CF9H         LINE#         2019
  C:0CFCH         LINE#         2020
BL51 BANKED LINKER/LOCATER V6.11                                                      07/27/2017  16:28:30  PAGE 31


  C:0CFFH         LINE#         2021
  C:0D01H         LINE#         2022
  C:0D04H         LINE#         2023
  C:0D07H         LINE#         2025
  C:0D0AH         LINE#         2026
  C:0D0DH         LINE#         2028
  C:0D0FH         LINE#         2031
  C:0D12H         LINE#         2032
  C:0D14H         LINE#         2033
  C:0D17H         LINE#         2034
  C:0D1AH         LINE#         2035
  C:0D1DH         LINE#         2036
  C:0D1FH         LINE#         2038
  C:0D22H         LINE#         2039
  C:0D25H         LINE#         2040
  C:0D27H         LINE#         2041
  C:0D2AH         LINE#         2042
  C:0D2DH         LINE#         2043
  C:0D2FH         LINE#         2044
  C:0D32H         LINE#         2045
  C:0D35H         LINE#         2046
  C:0D37H         LINE#         2047
  C:0D3AH         LINE#         2048
  C:0D3DH         LINE#         2049
  C:0D3FH         LINE#         2050
  C:0D42H         LINE#         2051
  C:0D45H         LINE#         2052
  C:0D47H         LINE#         2053
  C:0D4AH         LINE#         2054
  C:0D4DH         LINE#         2055
  C:0D4FH         LINE#         2056
  C:0D52H         LINE#         2057
  C:0D55H         LINE#         2058
  C:0D57H         LINE#         2059
  C:0D5AH         LINE#         2060
  C:0D5DH         LINE#         2062
  C:0D60H         LINE#         2063
  C:0D63H         LINE#         2067
  C:0D66H         LINE#         2068
  C:0D68H         LINE#         2069
  C:0D6BH         LINE#         2070
  C:0D6EH         LINE#         2071
  C:0D71H         LINE#         2072
  C:0D73H         LINE#         2074
  C:0D76H         LINE#         2075
  C:0D79H         LINE#         2076
  C:0D7BH         LINE#         2077
  C:0D7EH         LINE#         2078
  C:0D81H         LINE#         2079
  C:0D83H         LINE#         2080
  C:0D86H         LINE#         2081
  C:0D89H         LINE#         2082
  C:0D8BH         LINE#         2083
  C:0D8EH         LINE#         2084
  C:0D91H         LINE#         2085
  C:0D93H         LINE#         2086
  C:0D96H         LINE#         2087
BL51 BANKED LINKER/LOCATER V6.11                                                      07/27/2017  16:28:30  PAGE 32


  C:0D99H         LINE#         2088
  C:0D9BH         LINE#         2089
  C:0D9EH         LINE#         2090
  C:0DA1H         LINE#         2091
  C:0DA3H         LINE#         2092
  C:0DA6H         LINE#         2093
  C:0DA9H         LINE#         2094
  C:0DABH         LINE#         2095
  C:0DAEH         LINE#         2096
  C:0DB1H         LINE#         2098
  C:0DB4H         LINE#         2099
  C:0DB7H         LINE#         2103
  C:0DBAH         LINE#         2104
  C:0DBCH         LINE#         2105
  C:0DBFH         LINE#         2106
  C:0DC2H         LINE#         2107
  C:0DC5H         LINE#         2108
  C:0DC7H         LINE#         2110
  C:0DCAH         LINE#         2111
  C:0DCDH         LINE#         2112
  C:0DCFH         LINE#         2113
  C:0DD2H         LINE#         2114
  C:0DD5H         LINE#         2115
  C:0DD7H         LINE#         2116
  C:0DDAH         LINE#         2117
  C:0DDDH         LINE#         2118
  C:0DDFH         LINE#         2119
  C:0DE2H         LINE#         2120
  C:0DE5H         LINE#         2120
  C:0DECH         LINE#         2122
  C:0DEFH         LINE#         2124
  C:0DF2H         LINE#         2125
  C:0DF5H         LINE#         2128
  C:0DF7H         LINE#         2129
  C:0DFAH         LINE#         2130
  C:0DFDH         LINE#         2131
  C:0E00H         LINE#         2132
  C:0E02H         LINE#         2134
  C:0E05H         LINE#         2135
  C:0E08H         LINE#         2136
  C:0E0AH         LINE#         2137
  C:0E0DH         LINE#         2138
  C:0E10H         LINE#         2139
  C:0E12H         LINE#         2140
  C:0E15H         LINE#         2141
  C:0E18H         LINE#         2142
  C:0E1AH         LINE#         2143
  C:0E1DH         LINE#         2144
  C:0E20H         LINE#         2144
  C:0E27H         LINE#         2146
  C:0E2AH         LINE#         2148
  C:0E2DH         LINE#         2149
  C:0E30H         LINE#         2153
  C:0E33H         LINE#         2154
  C:0E35H         LINE#         2155
  C:0E38H         LINE#         2156
  C:0E3BH         LINE#         2157
BL51 BANKED LINKER/LOCATER V6.11                                                      07/27/2017  16:28:30  PAGE 33


  C:0E3EH         LINE#         2158
  C:0E40H         LINE#         2160
  C:0E43H         LINE#         2161
  C:0E46H         LINE#         2162
  C:0E48H         LINE#         2163
  C:0E4BH         LINE#         2164
  C:0E4EH         LINE#         2165
  C:0E50H         LINE#         2166
  C:0E53H         LINE#         2167
  C:0E56H         LINE#         2168
  C:0E58H         LINE#         2169
  C:0E5BH         LINE#         2170
  C:0E5EH         LINE#         2171
  C:0E60H         LINE#         2172
  C:0E63H         LINE#         2173
  C:0E66H         LINE#         2174
  C:0E68H         LINE#         2175
  C:0E6BH         LINE#         2176
  C:0E6EH         LINE#         2177
  C:0E70H         LINE#         2178
  C:0E73H         LINE#         2179
  C:0E76H         LINE#         2180
  C:0E78H         LINE#         2181
  C:0E7BH         LINE#         2182
  C:0E7EH         LINE#         2184
  C:0E81H         LINE#         2185
  C:0E84H         LINE#         2188
  C:0E87H         LINE#         2189
  C:0E89H         LINE#         2190
  C:0E8CH         LINE#         2191
  C:0E8FH         LINE#         2192
  C:0E92H         LINE#         2193
  C:0E94H         LINE#         2195
  C:0E97H         LINE#         2196
  C:0E9AH         LINE#         2197
  C:0E9CH         LINE#         2198
  C:0E9FH         LINE#         2199
  C:0EA2H         LINE#         2200
  C:0EA4H         LINE#         2201
  C:0EA7H         LINE#         2202
  C:0EAAH         LINE#         2203
  C:0EACH         LINE#         2204
  C:0EAFH         LINE#         2205
  C:0EB2H         LINE#         2206
  C:0EB4H         LINE#         2207
  C:0EB7H         LINE#         2208
  C:0EBAH         LINE#         2209
  C:0EBCH         LINE#         2210
  C:0EBFH         LINE#         2211
  C:0EC2H         LINE#         2212
  C:0EC4H         LINE#         2213
  C:0EC7H         LINE#         2214
  C:0ECAH         LINE#         2215
  C:0ECCH         LINE#         2216
  C:0ECFH         LINE#         2217
  C:0ED2H         LINE#         2219
  C:0ED5H         LINE#         2220
BL51 BANKED LINKER/LOCATER V6.11                                                      07/27/2017  16:28:30  PAGE 34


  C:0ED8H         LINE#         2223
  C:0EDBH         LINE#         2224
  C:0EDDH         LINE#         2225
  C:0EE0H         LINE#         2226
  C:0EE3H         LINE#         2227
  C:0EE6H         LINE#         2228
  C:0EE8H         LINE#         2230
  C:0EEBH         LINE#         2231
  C:0EEEH         LINE#         2232
  C:0EF0H         LINE#         2233
  C:0EF3H         LINE#         2234
  C:0EF6H         LINE#         2236
  C:0EF9H         LINE#         2237
  C:0EFCH         LINE#         2241
  C:0EFFH         LINE#         2242
  C:0F01H         LINE#         2243
  C:0F04H         LINE#         2244
  C:0F07H         LINE#         2245
  C:0F0AH         LINE#         2246
  C:0F0CH         LINE#         2248
  C:0F0FH         LINE#         2249
  C:0F12H         LINE#         2250
  C:0F14H         LINE#         2251
  C:0F17H         LINE#         2252
  C:0F1AH         LINE#         2253
  C:0F1CH         LINE#         2254
  C:0F1FH         LINE#         2255
  C:0F22H         LINE#         2256
  C:0F24H         LINE#         2257
  C:0F27H         LINE#         2258
  C:0F2AH         LINE#         2259
  C:0F2CH         LINE#         2260
  C:0F2FH         LINE#         2261
  C:0F32H         LINE#         2262
  C:0F34H         LINE#         2263
  C:0F37H         LINE#         2264
  C:0F3AH         LINE#         2265
  C:0F3CH         LINE#         2266
  C:0F3FH         LINE#         2267
  C:0F42H         LINE#         2268
  C:0F44H         LINE#         2269
  C:0F47H         LINE#         2270
  C:0F4AH         LINE#         2272
  C:0F4DH         LINE#         2273
  C:0F50H         LINE#         2278
  C:0F53H         LINE#         2279
  C:0F56H         LINE#         2280
  C:0F59H         LINE#         2281
  C:0F5CH         LINE#         2282
  C:0F5FH         LINE#         2284
  C:0F61H         LINE#         2287
  C:0F63H         LINE#         2290
  C:0F66H         LINE#         2291
  C:0F69H         LINE#         2292
  C:0F6BH         LINE#         2294
  C:0F6EH         LINE#         2295
  C:0F71H         LINE#         2296
BL51 BANKED LINKER/LOCATER V6.11                                                      07/27/2017  16:28:30  PAGE 35


  C:0F73H         LINE#         2298
  C:0F76H         LINE#         2299
  C:0F79H         LINE#         2300
  C:0F7CH         LINE#         2301
  C:0F7FH         LINE#         2307
  C:0F82H         LINE#         2309
  C:0F84H         LINE#         2311
  C:0F87H         LINE#         2312
  C:0F8AH         LINE#         2313
  C:0F8CH         LINE#         2315
  C:0F8FH         LINE#         2316
  C:0F92H         LINE#         2317
  C:0F94H         LINE#         2319
  C:0F97H         LINE#         2320
  C:0F9AH         LINE#         2323
  C:0F9DH         LINE#         2324
  C:0F9EH         LINE#         2335
  C:0FA0H         LINE#         2336
  C:0FA3H         LINE#         2339
  C:0FA6H         LINE#         2340
  C:0FA8H         LINE#         2342
  C:0FAAH         LINE#         2343
  C:0FADH         LINE#         2345
  C:0FAFH         LINE#         2346
  C:0FB2H         LINE#         2348
  C:0FB4H         LINE#         2349
  C:0FB7H         LINE#         2352
  C:0FBAH         LINE#         2353
  C:0FBCH         LINE#         2355
  C:0FBEH         LINE#         2356
  C:0FC1H         LINE#         2358
  C:0FC3H         LINE#         2359
  C:0FC6H         LINE#         2362
  C:0FC8H         LINE#         2363
  C:0FCBH         LINE#         2365
  C:0FCDH         LINE#         2366
  C:0FD0H         LINE#         2367
  C:0FD1H         LINE#         2372
  C:0FD3H         LINE#         2373
  C:0FD5H         LINE#         2374
  C:0FD6H         LINE#         2375
  C:0FD9H         LINE#         2376
  C:0FDAH         LINE#         2378
  C:0FDCH         LINE#         2379
  C:0FDEH         LINE#         2382
  C:0FE0H         LINE#         2384
  C:0FE2H         LINE#         2388
  C:0FE4H         LINE#         2389
  C:0FE6H         LINE#         2390
  C:0FE9H         LINE#         2391
  C:0FEAH         LINE#         2393
  C:0FECH         LINE#         2394
  C:0FEEH         LINE#         2397
  C:0FF0H         LINE#         2399
  C:0FF2H         LINE#         2402
  C:0FF3H         LINE#         2419
  C:0FF5H         LINE#         2420
BL51 BANKED LINKER/LOCATER V6.11                                                      07/27/2017  16:28:30  PAGE 36


  C:0FF7H         LINE#         2422
  C:0FFAH         LINE#         2423
  C:0FFCH         LINE#         2427
  C:0FFFH         LINE#         2428
  C:1002H         LINE#         2434
  C:1005H         LINE#         2435
  C:1008H         LINE#         2437
  C:100BH         LINE#         2438
  C:100EH         LINE#         2440
  C:1011H         LINE#         2441
  C:1014H         LINE#         2443
  C:1017H         LINE#         2444
  C:101AH         LINE#         2449
  C:101CH         LINE#         2450
  C:101EH         LINE#         2456
  C:1021H         LINE#         2457
  C:1024H         LINE#         2459
  C:1027H         LINE#         2460
  C:102AH         LINE#         2462
  C:102DH         LINE#         2466
  C:102FH         LINE#         2467
  C:1030H         LINE#         2468
  C:1031H         LINE#         2470
  C:1033H         LINE#         2472
  C:1036H         LINE#         2475
  C:1039H         LINE#         2476
  C:103CH         LINE#         2478
  C:103EH         LINE#         2479
  C:103FH         LINE#         2480
  C:1040H         LINE#         2482
  C:1043H         LINE#         2484
  C:1046H         LINE#         2486
  C:1048H         LINE#         2490
  C:104BH         LINE#         2491
[...]
  C:1058H         LINE#         2502
  C:105BH         LINE#         2503
  C:105EH         LINE#         2509
  C:1060H         LINE#         2510
  C:1062H         LINE#         2512
  C:1063H         LINE#         2516
  C:1065H         LINE#         2517
  C:1067H         LINE#         2519
  C:1068H         LINE#         2520
  C:1069H         LINE#         2521
  C:106CH         LINE#         2522
  C:106EH         LINE#         2523
  C:1071H         LINE#         2524
  C:1072H         LINE#         2525
  C:1075H         LINE#         2526
  C:1077H         LINE#         2527
  C:1078H         LINE#         2549
  C:107AH         LINE#         2550
BL51 BANKED LINKER/LOCATER V6.11                                                      07/27/2017  16:28:30  PAGE 37


  C:107CH         LINE#         2551
  C:107FH         LINE#         2552
  C:1081H         LINE#         2554
  C:1083H         LINE#         2555
  C:1085H         LINE#         2556
  C:1088H         LINE#         2557
  C:108AH         LINE#         2560
  C:108DH         LINE#         2561
  C:108FH         LINE#         2562
  C:1092H         LINE#         2564
  C:1095H         LINE#         2565
  C:1097H         LINE#         2566
  C:109AH         LINE#         2568
  C:109DH         LINE#         2569
  C:109FH         LINE#         2570
  C:10A2H         LINE#         2572
  C:10A5H         LINE#         2573
  C:10A7H         LINE#         2574
  C:10AAH         LINE#         2576
  C:10ACH         LINE#         2578
  C:10AFH         LINE#         2579
  C:10B1H         LINE#         2581
  C:10B4H         LINE#         2582
  C:10B6H         LINE#         2584
  C:10B9H         LINE#         2585
  C:10BBH         LINE#         2587
  C:10BEH         LINE#         2589
  C:10BFH         LINE#         2590
  C:10C1H         LINE#         2591
  C:10C2H         LINE#         2592
  C:10C4H         LINE#         2594
  C:10C6H         LINE#         2595
  C:10C9H         LINE#         2597
  C:10CCH         LINE#         2599
  C:10CEH         LINE#         2600
  C:10D1H         LINE#         2602
  C:10D2H         LINE#         2603
  C:10D3H         LINE#         2606
  C:10D5H         LINE#         2608
  C:10D7H         LINE#         2610
  C:10D8H         LINE#         2616
  C:10DAH         LINE#         2617
  C:10DCH         LINE#         2618
  C:10DEH         LINE#         2621
  C:10E0H         LINE#         2622
  C:10E2H         LINE#         2623
  C:10E5H         LINE#         2624
  C:10E6H         LINE#         2633
  C:10E8H         LINE#         2634
  C:10EAH         LINE#         2635
  C:10ECH         LINE#         2636
  C:10EEH         LINE#         2637
  C:10F0H         LINE#         2638
  C:10F2H         LINE#         2639
  C:10F3H         LINE#         2643
  C:10F5H         LINE#         2645
  C:10F7H         LINE#         2647
BL51 BANKED LINKER/LOCATER V6.11                                                      07/27/2017  16:28:30  PAGE 38


  C:10F9H         LINE#         2648
  C:10FBH         LINE#         2649
  C:10FCH         LINE#         2656
  C:10FEH         LINE#         2657
  C:1100H         LINE#         2658
  C:1102H         LINE#         2659
  C:1104H         LINE#         2660
  C:1106H         LINE#         2661
  C:1108H         LINE#         2662
  C:110AH         LINE#         2663
  C:110CH         LINE#         2664
  C:110EH         LINE#         2665
  C:1110H         LINE#         2666
  C:1111H         LINE#         2674
  C:1113H         LINE#         2675
  C:1115H         LINE#         2676
  C:1117H         LINE#         2677
  C:1119H         LINE#         2678
  C:111BH         LINE#         2679
  C:111DH         LINE#         2680
  C:111EH         LINE#         2686
  C:1120H         LINE#         2688
  C:1122H         LINE#         2689
  C:1125H         LINE#         2690
  C:1127H         LINE#         2691
  C:112AH         LINE#         2692
  C:112CH         LINE#         2693
  C:112FH         LINE#         2694
  C:1132H         LINE#         2696
  C:1135H         LINE#         2697
  C:1138H         LINE#         2699
  C:113BH         LINE#         2701
  C:113CH         LINE#         2707
  C:113EH         LINE#         2709
  C:1140H         LINE#         2710
  C:1143H         LINE#         2711
  C:1145H         LINE#         2713
  C:1148H         LINE#         2714
  C:114AH         LINE#         2715
  C:114CH         LINE#         2716
  C:114EH         LINE#         2717
  C:1150H         LINE#         2718
  C:1152H         LINE#         2719
  C:1155H         LINE#         2721
  C:1158H         LINE#         2722
  C:115AH         LINE#         2724
  C:115CH         LINE#         2725
  C:115FH         LINE#         2726
  C:1161H         LINE#         2728
  C:1163H         LINE#         2729
  C:1166H         LINE#         2730
  C:1168H         LINE#         2732
  C:116AH         LINE#         2733
  C:116CH         LINE#         2734
  C:116FH         LINE#         2736
  C:1171H         LINE#         2737
  C:1174H         LINE#         2738
BL51 BANKED LINKER/LOCATER V6.11                                                      07/27/2017  16:28:30  PAGE 39


  C:1176H         LINE#         2739
  C:1179H         LINE#         2740
  C:117BH         LINE#         2741
  C:117DH         LINE#         2742
  C:1180H         LINE#         2744
  C:1183H         LINE#         2746
  C:1184H         LINE#         2750
  C:1186H         LINE#         2752
  C:1188H         LINE#         2753
  C:118BH         LINE#         2754
  C:118DH         LINE#         2756
  C:1190H         LINE#         2757
  C:1192H         LINE#         2758
  C:1194H         LINE#         2759
  C:1196H         LINE#         2760
  C:1199H         LINE#         2762
  C:119CH         LINE#         2763
  C:119EH         LINE#         2764
  C:11A0H         LINE#         2766
  C:11A2H         LINE#         2767
  C:11A5H         LINE#         2768
  C:11A7H         LINE#         2770
  C:11AAH         LINE#         2771
  C:11ACH         LINE#         2772
  C:11AFH         LINE#         2773
  C:11B1H         LINE#         2773
  C:11B4H         LINE#         2774
  C:11B6H         LINE#         2776
  C:11B8H         LINE#         2777
  C:11BBH         LINE#         2778
  C:11BDH         LINE#         2780
  C:11BFH         LINE#         2781
  C:11C1H         LINE#         2782
  C:11C4H         LINE#         2784
  C:11C6H         LINE#         2785
  C:11C9H         LINE#         2786
  C:11CBH         LINE#         2787
  C:11CEH         LINE#         2789
  C:11D1H         LINE#         2791
  C:11D3H         LINE#         2792
  C:11D5H         LINE#         2794
  C:11D8H         LINE#         2795
  C:11DBH         LINE#         2797
  C:11DEH         LINE#         2798
  C:11E1H         LINE#         2801
  C:11E4H         LINE#         2804
  C:11E5H         LINE#         2819
  C:11E8H         LINE#         2820
  C:11E9H         LINE#         2822
  C:11EBH         LINE#         2823
  C:11EDH         LINE#         2824
  C:11F0H         LINE#         2825
  C:11F1H         LINE#         2827
  C:11F3H         LINE#         2828
  C:11F5H         LINE#         2829
  C:11F8H         LINE#         2830
  C:11F9H         LINE#         2832
BL51 BANKED LINKER/LOCATER V6.11                                                      07/27/2017  16:28:30  PAGE 40


  C:11FBH         LINE#         2839
  C:11FDH         LINE#         2840
  C:11FEH         LINE#         2843
  C:1201H         LINE#         2844
  C:1204H         LINE#         2845
  C:1206H         LINE#         2848
  C:1208H         LINE#         2849
  C:120BH         LINE#         2850
  C:120DH         LINE#         2851
  C:120FH         LINE#         2852
  C:1211H         LINE#         2853
  C:1213H         LINE#         2855
  C:1214H         LINE#         2856
  C:1215H         LINE#         2857
  C:1216H         LINE#         2858
  C:1217H         LINE#         2859
  C:1219H         LINE#         2861
  C:121BH         LINE#         2864
  C:121DH         LINE#         2865
  C:1220H         LINE#         2866
  C:1222H         LINE#         2867
  C:1224H         LINE#         2868
  C:1226H         LINE#         2870
  C:1227H         LINE#         2871
  C:1228H         LINE#         2872
  C:1229H         LINE#         2873
  C:122AH         LINE#         2874
  C:122CH         LINE#         2877
  C:122DH         LINE#         2896
  C:122FH         LINE#         2896
  C:1232H         LINE#         2897
  C:1235H         LINE#         2897
  C:1249H         LINE#         2899
  C:124CH         LINE#         2900
  C:124FH         LINE#         2902
  C:1250H         LINE#         2903
  C:1253H         LINE#         2904
  C:1256H         LINE#         2906
  C:1257H         LINE#         2907
  C:125AH         LINE#         2908
  C:125DH         LINE#         2910
  C:125FH         LINE#         2911
  C:1261H         LINE#         2913
  C:1263H         LINE#         2914
  C:1266H         LINE#         2915
  C:1268H         LINE#         2917
  C:126BH         LINE#         2918
  C:126EH         LINE#         2919
  C:1270H         LINE#         2920
  C:1273H         LINE#         2921
  C:1276H         LINE#         2922
  C:1278H         LINE#         2923
  C:127BH         LINE#         2924
  C:127EH         LINE#         2925
  C:1280H         LINE#         2926
  C:1283H         LINE#         2927
  C:1286H         LINE#         2928
BL51 BANKED LINKER/LOCATER V6.11                                                      07/27/2017  16:28:30  PAGE 41


  C:1288H         LINE#         2929
  C:128BH         LINE#         2930
  C:128EH         LINE#         2931
  C:1290H         LINE#         2932
  C:1293H         LINE#         2933
  C:1296H         LINE#         2934
  C:1298H         LINE#         2935
  C:129BH         LINE#         2936
  C:129EH         LINE#         2938
  C:12A0H         LINE#         2939
  C:12A2H         LINE#         2940
  C:12A4H         LINE#         2942
  C:12A6H         LINE#         2943
  C:12A7H         LINE#         2944
  C:12A9H         LINE#         2945
  C:12AAH         LINE#         2946
  C:12ABH         LINE#         2947
  C:12ADH         LINE#         2948
  C:12AEH         LINE#         2949
  C:12AFH         LINE#         2950
  C:12B1H         LINE#         2951
  C:12B2H         LINE#         2952
  C:12B3H         LINE#         2953
  C:12B5H         LINE#         2954
  C:12B6H         LINE#         2955
  C:12B7H         LINE#         2958
  C:12B9H         LINE#         2961
  C:12BBH         LINE#         2969
  C:12BEH         LINE#         2970
  C:12BFH         LINE#         2980
  C:12C1H         LINE#         2980
  C:12C4H         LINE#         2981
  C:12C7H         LINE#         2981
  C:12DBH         LINE#         2984
  C:12DEH         LINE#         2986
  C:12E0H         LINE#         2987
  C:12E2H         LINE#         2989
  C:12E4H         LINE#         2990
  C:12E6H         LINE#         2993
  C:12E9H         LINE#         2994
  C:12ECH         LINE#         2997
  C:12EDH         LINE#         2998
  C:12F0H         LINE#         2999
  C:12F3H         LINE#         3001
  C:12F4H         LINE#         3002
  C:12F7H         LINE#         3003
  C:12FAH         LINE#         3005
  C:12FBH         LINE#         3006
  C:12FEH         LINE#         3007
  C:1301H         LINE#         3009
  C:1302H         LINE#         3010
  C:1305H         LINE#         3011
  C:1308H         LINE#         3013
  C:1309H         LINE#         3014
  C:130CH         LINE#         3015
  C:130FH         LINE#         3017
  C:1310H         LINE#         3018
BL51 BANKED LINKER/LOCATER V6.11                                                      07/27/2017  16:28:30  PAGE 42


  C:1313H         LINE#         3019
  C:1316H         LINE#         3024
  C:1318H         LINE#         3026
  C:131AH         LINE#         3027
  C:131CH         LINE#         3029
  C:131EH         LINE#         3030
  C:1320H         LINE#         3032
  C:1322H         LINE#         3033
  C:1324H         LINE#         3035
  C:1326H         LINE#         3036
  C:1328H         LINE#         3038
  C:132AH         LINE#         3039
  C:132CH         LINE#         3041
  C:132EH         LINE#         3042
  C:1330H         LINE#         3044
  C:1332H         LINE#         3045
  C:1334H         LINE#         3047
  C:1336H         LINE#         3047
  C:1339H         LINE#         3048
  C:133CH         LINE#         3048
  C:1351H         LINE#         3051
  C:1354H         LINE#         3054
  C:1355H         LINE#         3055
  C:1356H         LINE#         3057
  C:1358H         LINE#         3058
  C:1359H         LINE#         3059
  C:135AH         LINE#         3061
  C:135BH         LINE#         3062
  C:135CH         LINE#         3063
  C:135DH         LINE#         3065
  C:135EH         LINE#         3066
  C:135FH         LINE#         3067
  C:1360H         LINE#         3069
  C:1361H         LINE#         3070
  C:1362H         LINE#         3072
  C:1363H         LINE#         3081
  C:1366H         LINE#         3082
  C:1369H         LINE#         3084
  C:136CH         LINE#         3085
  C:136FH         LINE#         3086
  C:1372H         LINE#         3088
  C:1375H         LINE#         3089
  C:1378H         LINE#         3091
  C:1379H         LINE#         3092
  C:137BH         LINE#         3094
  C:137EH         LINE#         3096
  C:1380H         LINE#         3097
  C:1382H         LINE#         3099
  C:1384H         LINE#         3100
  C:1386H         LINE#         3101
  C:1388H         LINE#         3102
  C:138AH         LINE#         3104
  C:138CH         LINE#         3105
  C:138FH         LINE#         3106
  C:1391H         LINE#         3110
  C:1394H         LINE#         3113
  C:1396H         LINE#         3114
BL51 BANKED LINKER/LOCATER V6.11                                                      07/27/2017  16:28:30  PAGE 43


  C:1399H         LINE#         3115
  C:139AH         LINE#         3116
  C:139CH         LINE#         3117
  C:139EH         LINE#         3119
  C:13A0H         LINE#         3120
  C:13A3H         LINE#         3121
  C:13A4H         LINE#         3122
  C:13A6H         LINE#         3125
  C:13A9H         LINE#         3126
  C:13ACH         LINE#         3127
  C:13AEH         LINE#         3128
  C:13B1H         LINE#         3129
  C:13B3H         LINE#         3130
  C:13B6H         LINE#         3132
  C:13B9H         LINE#         3133
  C:13BCH         LINE#         3135
  C:13BEH         LINE#         3137
  C:13C1H         LINE#         3140
  C:13C3H         LINE#         3141
  C:13C6H         LINE#         3142
  C:13C7H         LINE#         3143
  C:13C9H         LINE#         3144
  C:13CBH         LINE#         3146
  C:13CDH         LINE#         3147
  C:13D0H         LINE#         3148
  C:13D1H         LINE#         3149
  C:13D3H         LINE#         3152
  C:13D4H         LINE#         3153
  C:13D7H         LINE#         3154
  C:13DAH         LINE#         3156
  C:13DCH         LINE#         3158
  C:13DFH         LINE#         3159
  C:13E1H         LINE#         3160
  C:13E3H         LINE#         3168
  C:13E6H         LINE#         3170
  C:13E9H         LINE#         3171
  C:13ECH         LINE#         3172
  C:13EFH         LINE#         3173
  C:13F2H         LINE#         3175
  C:13F5H         LINE#         3177
  C:13F6H         LINE#         3185
  C:13F8H         LINE#         3186
  C:13FAH         LINE#         3187
  C:13FCH         LINE#         3187
  C:13FFH         LINE#         3189
  C:1401H         LINE#         3190
  C:1403H         LINE#         3191
  C:1405H         LINE#         3193
  C:1407H         LINE#         3200
  C:1409H         LINE#         3202
  C:140AH         LINE#         3210
  C:140CH         LINE#         3211
  C:140EH         LINE#         3213
  C:1410H         LINE#         3213
  C:1413H         LINE#         3214
  C:1416H         LINE#         3214
  C:1421H         LINE#         3217
BL51 BANKED LINKER/LOCATER V6.11                                                      07/27/2017  16:28:30  PAGE 44


  C:1424H         LINE#         3218
  C:1426H         LINE#         3219
  C:1428H         LINE#         3221
  C:142AH         LINE#         3222
  C:142DH         LINE#         3223
  C:142FH         LINE#         3225
  C:1432H         LINE#         3227
  C:1434H         LINE#         3229
  C:1436H         LINE#         3230
  C:1439H         LINE#         3231
  C:143BH         LINE#         3233
  C:143DH         LINE#         3234
  C:143FH         LINE#         3235
  C:1442H         LINE#         3237
  C:1444H         LINE#         3238
  C:1447H         LINE#         3239
  C:1449H         LINE#         3242
  C:144CH         LINE#         3243
  C:144EH         LINE#         3245
  C:1451H         LINE#         3248
  C:1453H         LINE#         3249
  C:1456H         LINE#         3250
  C:1458H         LINE#         3251
  C:145AH         LINE#         3252
  C:145CH         LINE#         3254
  C:145EH         LINE#         3255
  C:1461H         LINE#         3256
  C:1462H         LINE#         3257
  C:1464H         LINE#         3260
  C:1466H         LINE#         3261
  C:1469H         LINE#         3262
  C:146BH         LINE#         3263
  C:146DH         LINE#         3264
  C:146FH         LINE#         3266
  C:1471H         LINE#         3267
  C:1474H         LINE#         3268
  C:1475H         LINE#         3269
  C:1477H         LINE#         3272
  C:147AH         LINE#         3273
  C:147DH         LINE#         3274
  C:147FH         LINE#         3276
  C:1481H         LINE#         3276
  C:1484H         LINE#         3277
  C:1487H         LINE#         3277
  C:149BH         LINE#         3279
  C:149DH         LINE#         3280
  C:149FH         LINE#         3282
  C:14A1H         LINE#         3283
  C:14A2H         LINE#         3293
  C:14A4H         LINE#         3294
  C:14A6H         LINE#         3295
  C:14A8H         LINE#         3296
  C:14AAH         LINE#         3297
  C:14ADH         LINE#         3298
  C:14B0H         LINE#         3300
  C:14B3H         LINE#         3308
  C:14B4H         LINE#         3313
BL51 BANKED LINKER/LOCATER V6.11                                                      07/27/2017  16:28:30  PAGE 45


  C:14B7H         LINE#         3313
  C:14CBH         LINE#         3315
  C:14CDH         LINE#         3316
  C:14CFH         LINE#         3317
  C:14D2H         LINE#         3317
  C:14E6H         LINE#         3319
  C:14E7H         LINE#         3326
  C:14EAH         LINE#         3326
  C:14FEH         LINE#         3328
  C:1500H         LINE#         3329
  C:1502H         LINE#         3330
  C:1505H         LINE#         3330
  C:1518H         LINE#         3332
  C:1519H         LINE#         3337
  C:151CH         LINE#         3337
  C:1530H         LINE#         3339
  C:1531H         LINE#         3345
  C:1534H         LINE#         3345
  C:1548H         LINE#         3347
  C:154AH         LINE#         3348
  C:154CH         LINE#         3349
  C:154FH         LINE#         3349
  C:1563H         LINE#         3351
  -------         ENDMOD        FEDYSBCMHEX

******************************************************************************
* RESTRICTED VERSION WITH 0800H BYTE CODE SIZE LIMIT; USED: 1519H BYTE (263%) *
******************************************************************************

Program Size: data=8.0 xdata=0 code=5476
LINK/LOCATE RUN COMPLETE.  0 WARNING(S),  0 ERROR(S)

*** FATAL ERROR L250: CODE SIZE LIMIT IN RESTRICTED VERSION EXCEEDED
    MODULE:  C:\sbcHex\fedysbcmhex.obj (-----)
    LIMIT:   0800H BYTES